[    1675ms] [WARNING] A preload for 'https://cdn.zaticdn.com/if/za-group-portal-web/Quicksand-Medium.ttf' is found, but is not used because the request credentials mode does not match. Consider taking a look at crossorigin attribute. @ https://bank.za.group/en:32
[    1675ms] [WARNING] A preload for 'https://cdn.zaticdn.com/if/za-group-portal-web/Quicksand-Bold.ttf' is found, but is not used because the request credentials mode does not match. Consider taking a look at crossorigin attribute. @ https://bank.za.group/en:32
[    1675ms] [WARNING] A preload for 'https://cdn.zaticdn.com/if/za-group-portal-web/Quicksand-Medium.ttf' is found, but is not used because the request credentials mode does not match. Consider taking a look at crossorigin attribute. @ https://bank.za.group/en:32
[    1675ms] [WARNING] A preload for 'https://cdn.zaticdn.com/if/za-group-portal-web/Quicksand-Regular.ttf' is found, but is not used because the request credentials mode does not match. Consider taking a look at crossorigin attribute. @ https://bank.za.group/en:32
[    6350ms] [LOG] =====执行jsAssets====== @ https://cdn.zaticdn.com/bank/za-bank-portal-web/prd/_next/static/chunks/za-libs-9b9af3fc-585645b2c4c70c2ed3b7.js:0
[    6511ms] [LOG] did mount @ :3
[    6533ms] [LOG] useInterceptPage needCheck:  false @ https://cdn.zaticdn.com/bank/za-bank-portal-web/prd/_next/static/chunks/pages/_app-31743c5a-21265c7847a2cf04c6bf.js:0
[    6535ms] [LOG] [ZaTracker] 获取现有追踪器实例 undefined @ https://cdn.zaticdn.com/bank/za-bank-portal-web/prd/_next/static/chunks/za-autotrack-0b4b65d9-d175e7528e57e0e9515e.js:0
[    6537ms] [LOG] [ZaTracker] 初始化SDK {project_id: web_002, server_url: https://zaip-innergw.zajourney.com, prefix: autotrack_, check_host: false, heatmap: Object} @ https://cdn.zaticdn.com/bank/za-bank-portal-web/prd/_next/static/chunks/za-autotrack-0b4b65d9-d175e7528e57e0e9515e.js:0
[    6559ms] [LOG] will unmount @ :3
[    6560ms] [LOG] did mount @ :3
[    6721ms] [LOG] will unmount @ :3
[    6724ms] [LOG] did mount @ :3
[    6732ms] [LOG] will unmount @ :3
[    6733ms] [LOG] did mount @ :3
[    6797ms] [LOG] will unmount @ :3
[    6798ms] [LOG] did mount @ :3
[    6806ms] [LOG] will unmount @ :3
[    6806ms] [LOG] did mount @ :3
[    6883ms] [ERROR] 获取pro-did异常 Subscription not active @ https://cdn.zaticdn.com/bank/za-bank-portal-web/prd/_next/static/chunks/za-libs-e409b138-0a6635d907b92adcee87.js:0
[    7158ms] [LOG] [ZaTracker] 检查host true https://bank.za.group https://bank.za.group @ https://cdn.zaticdn.com/bank/za-bank-portal-web/prd/_next/static/chunks/za-autotrack-0b4b65d9-d175e7528e57e0e9515e.js:0
[    7159ms] [LOG] [ZaTracker] validateCurrentPageSelectors start @ https://cdn.zaticdn.com/bank/za-bank-portal-web/prd/_next/static/chunks/za-autotrack-0b4b65d9-d175e7528e57e0e9515e.js:0
[    7159ms] [LOG] [ZaTracker] SDK初始化完成 @ https://cdn.zaticdn.com/bank/za-bank-portal-web/prd/_next/static/chunks/za-autotrack-0b4b65d9-d175e7528e57e0e9515e.js:0
[    7189ms] [LOG] will unmount @ :3
[    7191ms] [LOG] did mount @ :3
[    7288ms] [LOG] [ZaTracker] 验证结果: 共2个埋点配置, 0个有效, 2个无效 @ https://cdn.zaticdn.com/bank/za-bank-portal-web/prd/_next/static/chunks/za-autotrack-0b4b65d9-d175e7528e57e0e9515e.js:0
[    7288ms] [WARNING] [ZaTracker] 无效的XPath选择器:
[
{
  eventName: "autotrack_web_002_img_click_appstore",
  xpath: "body > div:nth-of-type(1) > div:nth-of-type(1) > div:nth-of-type(2) > div:nth-of-type(1) > div:nth-of-type(2) > div:nth-of-type(1) > div:nth-of-type(1) > div:nth-of-type(1) > div:nth-of-type(1) > div:nth-of-type(1) > div:nth-of-type(5) > div:nth-of-type(2) > div:nth-of-type(1) > a:nth-of-type(1) > img:nth-of-type(1)",
  path: "/"
},
{
  eventName: "autotrack_web_002_learn_more",
  xpath: "body > div:nth-of-type(1) > div:nth-of-type(1) > div:nth-of-type(2) > div:nth-of-type(1) > div:nth-of-type(1) > div:nth-of-type(3) > div:nth-of-type(1) > div:nth-of-type(1) > div:nth-of-type(1) > div:nth-of-type(1) > button:nth-of-type(1)",
  path: "/"
}
] @ https://cdn.zaticdn.com/bank/za-bank-portal-web/prd/_next/static/chunks/za-autotrack-0b4b65d9-d175e7528e57e0e9515e.js:0
[    9240ms] [LOG] 当前环境模式: prd-bank @ https://zaip-aic.za.group/?accessId=1649389871786&tenantID=1545312220000942&color=pcDefault&supportLanguage=23&language=2&channelId=pc&visitorId=b0fbc6d6a4c3584be740be64379171d9&mode=ananProduction:90
[    9241ms] [LOG] [seraph]:  SDK 初始化 {seraphId: 16c51763a23c4160, env: prd, H5Version: 1.0.0, SERAPH_URL: https://webmon-prd.zajourney.com, debug: true} @ https://cdn.zaticdn.com/if/zamp-common-package/monitor/2.3.7/index.js:0
[    9245ms] [LOG] [seraph]:  PV: {"from":"","to":"https://zaip-aic.za.group/?accessId=1649389871786&tenantID=1545312220000942&color=pcDefault&supportLanguage=23&language=2&channelId=pc&visitorId=b0fbc6d6a4c3584be740be64379171d9&mode=ananProduction","category":"pv","type":"init","pvId":"39dd45ed35219d4101a83f94b07f0e8fbecd"} @ https://cdn.zaticdn.com/if/zamp-common-package/monitor/2.3.7/index.js:0
[    9265ms] [ERROR] Failed to load resource: net::ERR_NAME_NOT_RESOLVED @ https://anan.zhongan.io/web/api/v2/bot/head/wrapper:0
[    9270ms] Uncaught (in promise) Error: Error: Network Error
    at <anonymous> (https://zaip-aic.za.group/zaznkf.js?date=1777883167801:7:50564)
[    9756ms] [LOG] [FST] cacheTrees： [] @ https://cdn.zaticdn.com/if/zamp-common-package/monitor/2.3.7/index.js:0
[    9756ms] [TIMEEND] getFST耗时: 0.926025390625 ms @ https://cdn.zaticdn.com/if/zamp-common-package/monitor/2.3.7/index.js:0
[   10356ms] [LOG] >>>popstate @ https://cdn.zaticdn.com/if/zamp-common-package/tracker/online/index.js:0
[   10381ms] [LOG] [seraph]:  PV: {"from":"https://zaip-aic.za.group/?accessId=1649389871786&tenantID=1545312220000942&color=pcDefault&supportLanguage=23&language=2&channelId=pc&visitorId=b0fbc6d6a4c3584be740be64379171d9&mode=ananProduction","to":"https://zaip-aic.za.group/?accessId=1649389871786&tenantID=1545312220000942&color=pcDefault&supportLanguage=23&language=2&channelId=pc&visitorId=b0fbc6d6a4c3584be740be64379171d9&mode=ananProduction#/","category":"pv","type":"hashchange","pvId":"82bfaf33709144432dcbe50767fd2a9d3dd9"} @ https://cdn.zaticdn.com/if/zamp-common-package/monitor/2.3.7/index.js:0
[   10381ms] [LOG] [FST] hashchange事件触发 @ https://cdn.zaticdn.com/if/zamp-common-package/monitor/2.3.7/index.js:0
[   10381ms] [LOG] >>>hashchange @ https://cdn.zaticdn.com/if/zamp-common-package/tracker/online/index.js:0
[   10411ms] [TIMEEND] getValidMutations: 0.786865234375 ms @ https://cdn.zaticdn.com/if/zamp-common-package/monitor/2.3.7/index.js:0
[   10411ms] [LOG] [FST] 是否为首屏内有效变动： true [MutationRecord] @ https://cdn.zaticdn.com/if/zamp-common-package/monitor/2.3.7/index.js:0
[   10415ms] Error: No native APIs found.
    at e.value (https://zaip-aic.za.group/standard/index.bab03.async.js:6:222945)
    at https://zaip-aic.za.group/standard/index.bab03.async.js:6:222495
    at new Promise (<anonymous>)
    at e.value (https://zaip-aic.za.group/standard/index.bab03.async.js:6:222412)
    at k (https://zaip-aic.za.group/standard/index.bab03.async.js:6:227088)
    at t.value (https://zaip-aic.za.group/standard/index.bab03.async.js:35:714216)
    at pu (https://zaip-aic.za.group/standard/vendor.af3a2.async.js:17:83371)
    at Ns (https://zaip-aic.za.group/standard/vendor.af3a2.async.js:17:101074)
    at t.unstable_runWithPriority (https://zaip-aic.za.group/standard/index.bab03.async.js:72:3362)
    at Qo (https://zaip-aic.za.group/standard/vendor.af3a2.async.js:17:45192)
[   10547ms] [TIMEEND] getValidMutations: 1.05517578125 ms @ https://cdn.zaticdn.com/if/zamp-common-package/monitor/2.3.7/index.js:0
[   10548ms] [LOG] [FST] 是否为首屏内有效变动： true [MutationRecord, MutationRecord] @ https://cdn.zaticdn.com/if/zamp-common-package/monitor/2.3.7/index.js:0
[   10556ms] [LOG] [seraph]:  请求信息 {method: POST, msg: , url: https://offlineapp.za.group/offlinelog/api/report/web, cbTime: 755, async: true} @ https://cdn.zaticdn.com/if/zamp-common-package/monitor/2.3.7/index.js:0
[   10559ms] [LOG] [seraph]:  report data = {resourceMetrics: null, resourceLogs: Object} @ https://cdn.zaticdn.com/if/zamp-common-package/monitor/2.3.7/index.js:0
[   10616ms] [TIMEEND] getValidMutations: 0.579833984375 ms @ https://cdn.zaticdn.com/if/zamp-common-package/monitor/2.3.7/index.js:0
[   10617ms] [LOG] [FST] 是否为首屏内有效变动： true [MutationRecord, MutationRecord] @ https://cdn.zaticdn.com/if/zamp-common-package/monitor/2.3.7/index.js:0
[   10639ms] [TIMEEND] getValidMutations: 0.113037109375 ms @ https://cdn.zaticdn.com/if/zamp-common-package/monitor/2.3.7/index.js:0
[   10640ms] [LOG] [FST] 是否为首屏内有效变动： true [MutationRecord] @ https://cdn.zaticdn.com/if/zamp-common-package/monitor/2.3.7/index.js:0
[   10654ms] [TIMEEND] getValidMutations: 1.26904296875 ms @ https://cdn.zaticdn.com/if/zamp-common-package/monitor/2.3.7/index.js:0
[   10654ms] [LOG] [FST] 是否为首屏内有效变动： true [MutationRecord] @ https://cdn.zaticdn.com/if/zamp-common-package/monitor/2.3.7/index.js:0
[   10727ms] [TIMEEND] getValidMutations: 56.068115234375 ms @ https://cdn.zaticdn.com/if/zamp-common-package/monitor/2.3.7/index.js:0
[   10727ms] [LOG] [FST] 是否为首屏内有效变动： true [MutationRecord, MutationRecord, MutationRecord] @ https://cdn.zaticdn.com/if/zamp-common-package/monitor/2.3.7/index.js:0
[   10743ms] [TIMEEND] getValidMutations: 1.158935546875 ms @ https://cdn.zaticdn.com/if/zamp-common-package/monitor/2.3.7/index.js:0
[   10743ms] [LOG] [FST] 是否为首屏内有效变动： true [MutationRecord] @ https://cdn.zaticdn.com/if/zamp-common-package/monitor/2.3.7/index.js:0
[   10817ms] [TIMEEND] getValidMutations: 65.504150390625 ms @ https://cdn.zaticdn.com/if/zamp-common-package/monitor/2.3.7/index.js:0
[   10818ms] [LOG] [FST] 是否为首屏内有效变动： false [MutationRecord] @ https://cdn.zaticdn.com/if/zamp-common-package/monitor/2.3.7/index.js:0
[   10915ms] [TIMEEND] getValidMutations: 1.038818359375 ms @ https://cdn.zaticdn.com/if/zamp-common-package/monitor/2.3.7/index.js:0
[   10915ms] [LOG] [FST] 是否为首屏内有效变动： true [MutationRecord] @ https://cdn.zaticdn.com/if/zamp-common-package/monitor/2.3.7/index.js:0
[   10923ms] [LOG] [seraph]:  请求信息 {method: POST, msg: , url: https://zaip-aic.za.group/web/api/v2/bot/hi, cbTime: 548, async: true} @ https://cdn.zaticdn.com/if/zamp-common-package/monitor/2.3.7/index.js:0
[   10927ms] [LOG] [FST] cacheTrees： [Object, Object, Object, Object, Object, Object, Object, Object] @ https://cdn.zaticdn.com/if/zamp-common-package/monitor/2.3.7/index.js:0
[   10931ms] [LOG] [FST] 最后dom元素及资源： {ts: 1852.300000011921, records: Array(1)} {ts: 1783, element: div.scroll.sc-bxivhb.bSDaYa} @ https://cdn.zaticdn.com/if/zamp-common-package/monitor/2.3.7/index.js:0
[   10931ms] [TIMEEND] getFST耗时: 3.68798828125 ms @ https://cdn.zaticdn.com/if/zamp-common-package/monitor/2.3.7/index.js:0
[   10931ms] [LOG] [FST] 最终首屏时间：: 357 @ https://cdn.zaticdn.com/if/zamp-common-package/monitor/2.3.7/index.js:0
[   10931ms] [LOG] [FST] routerStartTime 1495.1000000089407 @ https://cdn.zaticdn.com/if/zamp-common-package/monitor/2.3.7/index.js:0
[   11051ms] [LOG] [seraph]:  请求信息 {method: get, msg: , url: https://zaip-aic.za.group/web/api/v2/bot/navigation?queryType=0, cbTime: 373, async: true} @ https://cdn.zaticdn.com/if/zamp-common-package/monitor/2.3.7/index.js:0
[   11051ms] [LOG] [seraph]:  请求信息 {method: get, msg: , url: https://zaip-aic.za.group/web/api/v5/customer/chat…?tenantID=1545312220000942&accessId=1649389871786, cbTime: 373, async: true} @ https://cdn.zaticdn.com/if/zamp-common-package/monitor/2.3.7/index.js:0
[   11137ms] [LOG] >>>load @ https://cdn.zaticdn.com/if/zamp-common-package/tracker/online/index.js:0
[   11169ms] [LOG] [seraph]:  请求信息 {method: get, msg: , url: https://zaip-aic.za.group/web/api/v5/customer/chat…89871786&pageSize=20&pageNum=1&date=1777883169456, cbTime: 40, async: true} @ https://cdn.zaticdn.com/if/zamp-common-package/monitor/2.3.7/index.js:0
[   11206ms] [LOG] [seraph]:  请求信息 {method: get, msg: , url: https://zaip-aic.za.group/web/api/v4/synctime/gettime, cbTime: 21, async: true} @ https://cdn.zaticdn.com/if/zamp-common-package/monitor/2.3.7/index.js:0
[   11236ms] [LOG] [seraph]:  请求信息 {method: post, msg: , url: https://zaip-aic.za.group/web/api/v4.9/customer/leavemessage/queryConfig, cbTime: 28, async: true} @ https://cdn.zaticdn.com/if/zamp-common-package/monitor/2.3.7/index.js:0
[   11239ms] [LOG] [seraph]:  report data = {resourceMetrics: Object, resourceLogs: Object} @ https://cdn.zaticdn.com/if/zamp-common-package/monitor/2.3.7/index.js:0
[   11245ms] [LOG] [seraph]:  report data = {resourceMetrics: null, resourceLogs: Object} @ https://cdn.zaticdn.com/if/zamp-common-package/monitor/2.3.7/index.js:0
[   11254ms] [LOG] [seraph]:  请求信息 {method: get, msg: , url: https://zaip-aic.za.group/web/api/v5/customer/audit/guide/questions?tenantId=1545312220000942, cbTime: 46, async: true} @ https://cdn.zaticdn.com/if/zamp-common-package/monitor/2.3.7/index.js:0
[   11303ms] [LOG] [seraph]:  请求信息 {method: POST, msg: , url: https://offlineapp.za.group/offlinelog/api/report/web, cbTime: 166, async: true} @ https://cdn.zaticdn.com/if/zamp-common-package/monitor/2.3.7/index.js:0
[   13306ms] [LOG] [seraph]:  report data = {resourceMetrics: null, resourceLogs: Object} @ https://cdn.zaticdn.com/if/zamp-common-package/monitor/2.3.7/index.js:0
