[    2170ms] [WARNING] A preload for 'https://cdn.zaticdn.com/if/za-group-portal-web/Quicksand-Medium.ttf' is found, but is not used because the request credentials mode does not match. Consider taking a look at crossorigin attribute. @ https://bank.za.group/hk/usstock:52
[    2170ms] [WARNING] A preload for 'https://cdn.zaticdn.com/if/za-group-portal-web/Quicksand-Bold.ttf' is found, but is not used because the request credentials mode does not match. Consider taking a look at crossorigin attribute. @ https://bank.za.group/hk/usstock:52
[    2170ms] [WARNING] A preload for 'https://cdn.zaticdn.com/if/za-group-portal-web/Quicksand-Medium.ttf' is found, but is not used because the request credentials mode does not match. Consider taking a look at crossorigin attribute. @ https://bank.za.group/hk/usstock:52
[    2170ms] [WARNING] A preload for 'https://cdn.zaticdn.com/if/za-group-portal-web/Quicksand-Regular.ttf' is found, but is not used because the request credentials mode does not match. Consider taking a look at crossorigin attribute. @ https://bank.za.group/hk/usstock:52
[    6876ms] [LOG] =====执行jsAssets====== @ https://cdn.zaticdn.com/bank/za-bank-portal-web/prd/_next/static/chunks/za-libs-9b9af3fc-585645b2c4c70c2ed3b7.js:0
[    7134ms] [LOG] useInterceptPage needCheck:  false @ https://cdn.zaticdn.com/bank/za-bank-portal-web/prd/_next/static/chunks/pages/_app-31743c5a-21265c7847a2cf04c6bf.js:0
[    7139ms] [LOG] [ZaTracker] 获取现有追踪器实例 undefined @ https://cdn.zaticdn.com/bank/za-bank-portal-web/prd/_next/static/chunks/za-autotrack-0b4b65d9-d175e7528e57e0e9515e.js:0
[    7142ms] [LOG] [ZaTracker] 初始化SDK {project_id: web_002, server_url: https://zaip-innergw.zajourney.com, prefix: autotrack_, check_host: false, heatmap: Object} @ https://cdn.zaticdn.com/bank/za-bank-portal-web/prd/_next/static/chunks/za-autotrack-0b4b65d9-d175e7528e57e0e9515e.js:0
[    7613ms] [LOG] [ZaTracker] 检查host true https://bank.za.group https://bank.za.group @ https://cdn.zaticdn.com/bank/za-bank-portal-web/prd/_next/static/chunks/za-autotrack-0b4b65d9-d175e7528e57e0e9515e.js:0
[    7614ms] [LOG] [ZaTracker] validateCurrentPageSelectors start @ https://cdn.zaticdn.com/bank/za-bank-portal-web/prd/_next/static/chunks/za-autotrack-0b4b65d9-d175e7528e57e0e9515e.js:0
[    7615ms] [LOG] [ZaTracker] SDK初始化完成 @ https://cdn.zaticdn.com/bank/za-bank-portal-web/prd/_next/static/chunks/za-autotrack-0b4b65d9-d175e7528e57e0e9515e.js:0
[    7712ms] [ERROR] 获取pro-did异常 Subscription not active @ https://cdn.zaticdn.com/bank/za-bank-portal-web/prd/_next/static/chunks/za-libs-e409b138-0a6635d907b92adcee87.js:0
[    7977ms] [LOG] [ZaTracker] 当前路径无埋点配置需要验证 @ https://cdn.zaticdn.com/bank/za-bank-portal-web/prd/_next/static/chunks/za-autotrack-0b4b65d9-d175e7528e57e0e9515e.js:0
[   10494ms] [LOG] 当前环境模式: prd-bank @ https://zaip-aic.za.group/?accessId=1649390273577&tenantID=1545312220000942&color=pcDefault&supportLanguage=23&language=3&channelId=pc&visitorId=b0fbc6d6a4c3584be740be64379171d9&mode=ananProduction:90
[   10495ms] [LOG] [seraph]:  SDK 初始化 {seraphId: 16c51763a23c4160, env: prd, H5Version: 1.0.0, SERAPH_URL: https://webmon-prd.zajourney.com, debug: true} @ https://cdn.zaticdn.com/if/zamp-common-package/monitor/2.3.7/index.js:0
[   10499ms] [LOG] [seraph]:  PV: {"from":"","to":"https://zaip-aic.za.group/?accessId=1649390273577&tenantID=1545312220000942&color=pcDefault&supportLanguage=23&language=3&channelId=pc&visitorId=b0fbc6d6a4c3584be740be64379171d9&mode=ananProduction","category":"pv","type":"init","pvId":"36643c55322f05457d2818028055464b246f"} @ https://cdn.zaticdn.com/if/zamp-common-package/monitor/2.3.7/index.js:0
[   10648ms] [ERROR] Failed to load resource: net::ERR_NAME_NOT_RESOLVED @ https://anan.zhongan.io/web/api/v2/bot/head/wrapper:0
[   10649ms] Uncaught (in promise) Error: Error: Network Error
    at <anonymous> (https://zaip-aic.za.group/zaznkf.js?date=1777884700236:7:50564)
[   11000ms] [WARNING] The resource https://cdn.zaticdn.com/if/za-group-portal-web/Quicksand-Bold.ttf was preloaded using link preload but not used within a few seconds from the window's load event. Please make sure it has an appropriate `as` value and it is preloaded intentionally. @ https://bank.za.group/hk/usstock:0
[   11000ms] [WARNING] The resource https://cdn.zaticdn.com/if/za-group-portal-web/Quicksand-Regular.ttf was preloaded using link preload but not used within a few seconds from the window's load event. Please make sure it has an appropriate `as` value and it is preloaded intentionally. @ https://bank.za.group/hk/usstock:0
[   11000ms] [WARNING] The resource https://cdn.zaticdn.com/if/za-group-portal-web/Quicksand-Medium.ttf was preloaded using link preload but not used within a few seconds from the window's load event. Please make sure it has an appropriate `as` value and it is preloaded intentionally. @ https://bank.za.group/hk/usstock:0
[   11001ms] [LOG] [FST] cacheTrees： [] @ https://cdn.zaticdn.com/if/zamp-common-package/monitor/2.3.7/index.js:0
[   11001ms] [TIMEEND] getFST耗时: 0.9150390625 ms @ https://cdn.zaticdn.com/if/zamp-common-package/monitor/2.3.7/index.js:0
[   11598ms] [LOG] >>>popstate @ https://cdn.zaticdn.com/if/zamp-common-package/tracker/online/index.js:0
[   11621ms] [LOG] [seraph]:  PV: {"from":"https://zaip-aic.za.group/?accessId=1649390273577&tenantID=1545312220000942&color=pcDefault&supportLanguage=23&language=3&channelId=pc&visitorId=b0fbc6d6a4c3584be740be64379171d9&mode=ananProduction","to":"https://zaip-aic.za.group/?accessId=1649390273577&tenantID=1545312220000942&color=pcDefault&supportLanguage=23&language=3&channelId=pc&visitorId=b0fbc6d6a4c3584be740be64379171d9&mode=ananProduction#/","category":"pv","type":"hashchange","pvId":"d417e1346b02dc41bb68e6d7253f3dab8877"} @ https://cdn.zaticdn.com/if/zamp-common-package/monitor/2.3.7/index.js:0
[   11622ms] [LOG] [FST] hashchange事件触发 @ https://cdn.zaticdn.com/if/zamp-common-package/monitor/2.3.7/index.js:0
[   11622ms] [LOG] >>>hashchange @ https://cdn.zaticdn.com/if/zamp-common-package/tracker/online/index.js:0
[   11624ms] [LOG] [seraph]:  请求信息 {method: POST, msg: , url: https://offlineapp.za.group/offlinelog/api/report/web, cbTime: 534, async: true} @ https://cdn.zaticdn.com/if/zamp-common-package/monitor/2.3.7/index.js:0
[   11643ms] [TIMEEND] getValidMutations: 1.037841796875 ms @ https://cdn.zaticdn.com/if/zamp-common-package/monitor/2.3.7/index.js:0
[   11644ms] [LOG] [FST] 是否为首屏内有效变动： true [MutationRecord] @ https://cdn.zaticdn.com/if/zamp-common-package/monitor/2.3.7/index.js:0
[   11646ms] Error: No native APIs found.
    at e.value (https://zaip-aic.za.group/standard/index.bab03.async.js:6:222945)
    at https://zaip-aic.za.group/standard/index.bab03.async.js:6:222495
    at new Promise (<anonymous>)
    at e.value (https://zaip-aic.za.group/standard/index.bab03.async.js:6:222412)
    at k (https://zaip-aic.za.group/standard/index.bab03.async.js:6:227088)
    at t.value (https://zaip-aic.za.group/standard/index.bab03.async.js:35:714216)
    at pu (https://zaip-aic.za.group/standard/vendor.af3a2.async.js:17:83371)
    at Ns (https://zaip-aic.za.group/standard/vendor.af3a2.async.js:17:101074)
    at t.unstable_runWithPriority (https://zaip-aic.za.group/standard/index.bab03.async.js:72:3362)
    at Qo (https://zaip-aic.za.group/standard/vendor.af3a2.async.js:17:45192)
[   11671ms] [LOG] >>>load @ https://cdn.zaticdn.com/if/zamp-common-package/tracker/online/index.js:0
[   11789ms] [TIMEEND] getValidMutations: 0.93701171875 ms @ https://cdn.zaticdn.com/if/zamp-common-package/monitor/2.3.7/index.js:0
[   11789ms] [LOG] [FST] 是否为首屏内有效变动： true [MutationRecord, MutationRecord] @ https://cdn.zaticdn.com/if/zamp-common-package/monitor/2.3.7/index.js:0
[   11797ms] [LOG] [seraph]:  report data = {resourceMetrics: Object, resourceLogs: Object} @ https://cdn.zaticdn.com/if/zamp-common-package/monitor/2.3.7/index.js:0
[   11802ms] [LOG] [seraph]:  report data = {resourceMetrics: null, resourceLogs: Object} @ https://cdn.zaticdn.com/if/zamp-common-package/monitor/2.3.7/index.js:0
[   11894ms] [TIMEEND] getValidMutations: 0.81591796875 ms @ https://cdn.zaticdn.com/if/zamp-common-package/monitor/2.3.7/index.js:0
[   11894ms] [LOG] [FST] 是否为首屏内有效变动： true [MutationRecord, MutationRecord] @ https://cdn.zaticdn.com/if/zamp-common-package/monitor/2.3.7/index.js:0
[   11907ms] [TIMEEND] getValidMutations: 1.01806640625 ms @ https://cdn.zaticdn.com/if/zamp-common-package/monitor/2.3.7/index.js:0
[   11907ms] [LOG] [FST] 是否为首屏内有效变动： true [MutationRecord] @ https://cdn.zaticdn.com/if/zamp-common-package/monitor/2.3.7/index.js:0
[   11995ms] [TIMEEND] getValidMutations: 67.4560546875 ms @ https://cdn.zaticdn.com/if/zamp-common-package/monitor/2.3.7/index.js:0
[   11995ms] [LOG] [FST] 是否为首屏内有效变动： true [MutationRecord, MutationRecord, MutationRecord] @ https://cdn.zaticdn.com/if/zamp-common-package/monitor/2.3.7/index.js:0
[   12029ms] [TIMEEND] getValidMutations: 0.121826171875 ms @ https://cdn.zaticdn.com/if/zamp-common-package/monitor/2.3.7/index.js:0
[   12030ms] [LOG] [FST] 是否为首屏内有效变动： true [MutationRecord] @ https://cdn.zaticdn.com/if/zamp-common-package/monitor/2.3.7/index.js:0
[   12039ms] [LOG] [seraph]:  请求信息 {method: POST, msg: , url: https://zaip-aic.za.group/web/api/v2/bot/hi, cbTime: 424, async: true} @ https://cdn.zaticdn.com/if/zamp-common-package/monitor/2.3.7/index.js:0
[   12052ms] [TIMEEND] getValidMutations: 0.594970703125 ms @ https://cdn.zaticdn.com/if/zamp-common-package/monitor/2.3.7/index.js:0
[   12052ms] [LOG] [FST] 是否为首屏内有效变动： true [MutationRecord] @ https://cdn.zaticdn.com/if/zamp-common-package/monitor/2.3.7/index.js:0
[   12080ms] [TIMEEND] getValidMutations: 20.69287109375 ms @ https://cdn.zaticdn.com/if/zamp-common-package/monitor/2.3.7/index.js:0
[   12080ms] [LOG] [FST] 是否为首屏内有效变动： false [MutationRecord] @ https://cdn.zaticdn.com/if/zamp-common-package/monitor/2.3.7/index.js:0
[   12139ms] [TIMEEND] getValidMutations: 0.951904296875 ms @ https://cdn.zaticdn.com/if/zamp-common-package/monitor/2.3.7/index.js:0
[   12139ms] [LOG] [FST] 是否为首屏内有效变动： true [MutationRecord] @ https://cdn.zaticdn.com/if/zamp-common-package/monitor/2.3.7/index.js:0
[   12142ms] [TIMEEND] getValidMutations: 0.716064453125 ms @ https://cdn.zaticdn.com/if/zamp-common-package/monitor/2.3.7/index.js:0
[   12142ms] [LOG] [FST] 是否为首屏内有效变动： false [MutationRecord] @ https://cdn.zaticdn.com/if/zamp-common-package/monitor/2.3.7/index.js:0
[   12161ms] [TIMEEND] getValidMutations: 3.510986328125 ms @ https://cdn.zaticdn.com/if/zamp-common-package/monitor/2.3.7/index.js:0
[   12161ms] [LOG] [FST] 是否为首屏内有效变动： false [MutationRecord] @ https://cdn.zaticdn.com/if/zamp-common-package/monitor/2.3.7/index.js:0
[   12210ms] [TIMEEND] getValidMutations: 0.159912109375 ms @ https://cdn.zaticdn.com/if/zamp-common-package/monitor/2.3.7/index.js:0
[   12210ms] [LOG] [FST] 是否为首屏内有效变动： true [MutationRecord, MutationRecord, MutationRecord, MutationRecord, MutationRecord, MutationRecord, MutationRecord, MutationRecord, MutationRecord, MutationRecord] @ https://cdn.zaticdn.com/if/zamp-common-package/monitor/2.3.7/index.js:0
[   12222ms] [LOG] [FST] cacheTrees： [Object, Object, Object, Object, Object, Object, Object, Object, Object] @ https://cdn.zaticdn.com/if/zamp-common-package/monitor/2.3.7/index.js:0
[   12225ms] [LOG] [FST] 最后dom元素及资源： {ts: 1905.0999999940395, records: Array(4)} {ts: 1555.7000000029802, element: div.scroll.sc-bxivhb.fdfkMX} @ https://cdn.zaticdn.com/if/zamp-common-package/monitor/2.3.7/index.js:0
[   12225ms] [TIMEEND] getFST耗时: 3.443115234375 ms @ https://cdn.zaticdn.com/if/zamp-common-package/monitor/2.3.7/index.js:0
[   12232ms] [LOG] [seraph]:  请求信息 {method: get, msg: , url: https://zaip-aic.za.group/web/api/v2/bot/navigation?queryType=0, cbTime: 249, async: true} @ https://cdn.zaticdn.com/if/zamp-common-package/monitor/2.3.7/index.js:0
[   12232ms] [LOG] [seraph]:  请求信息 {method: get, msg: , url: https://zaip-aic.za.group/web/api/v5/customer/chat…?tenantID=1545312220000942&accessId=1649390273577, cbTime: 248, async: true} @ https://cdn.zaticdn.com/if/zamp-common-package/monitor/2.3.7/index.js:0
[   12526ms] [LOG] [seraph]:  请求信息 {method: get, msg: , url: https://zaip-aic.za.group/web/api/v5/customer/chat…90273577&pageSize=20&pageNum=1&date=1777884701703, cbTime: 179, async: true} @ https://cdn.zaticdn.com/if/zamp-common-package/monitor/2.3.7/index.js:0
[   12568ms] [LOG] [seraph]:  请求信息 {method: get, msg: , url: https://zaip-aic.za.group/web/api/v4/synctime/gettime, cbTime: 20, async: true} @ https://cdn.zaticdn.com/if/zamp-common-package/monitor/2.3.7/index.js:0
[   12594ms] [LOG] [seraph]:  请求信息 {method: post, msg: , url: https://zaip-aic.za.group/web/api/v4.9/customer/leavemessage/queryConfig, cbTime: 31, async: true} @ https://cdn.zaticdn.com/if/zamp-common-package/monitor/2.3.7/index.js:0
[   12626ms] [LOG] [seraph]:  请求信息 {method: get, msg: , url: https://zaip-aic.za.group/web/api/v5/customer/audit/guide/questions?tenantId=1545312220000942, cbTime: 51, async: true} @ https://cdn.zaticdn.com/if/zamp-common-package/monitor/2.3.7/index.js:0
[   14628ms] [LOG] [seraph]:  report data = {resourceMetrics: null, resourceLogs: Object} @ https://cdn.zaticdn.com/if/zamp-common-package/monitor/2.3.7/index.js:0
