[    1989ms] [WARNING] A preload for 'https://cdn.zaticdn.com/if/za-group-portal-web/Quicksand-Medium.ttf' is found, but is not used because the request credentials mode does not match. Consider taking a look at crossorigin attribute. @ https://bank.za.group/en/promotion:32
[    1989ms] [WARNING] A preload for 'https://cdn.zaticdn.com/if/za-group-portal-web/Quicksand-Bold.ttf' is found, but is not used because the request credentials mode does not match. Consider taking a look at crossorigin attribute. @ https://bank.za.group/en/promotion:32
[    1989ms] [WARNING] A preload for 'https://cdn.zaticdn.com/if/za-group-portal-web/Quicksand-Medium.ttf' is found, but is not used because the request credentials mode does not match. Consider taking a look at crossorigin attribute. @ https://bank.za.group/en/promotion:32
[    1989ms] [WARNING] A preload for 'https://cdn.zaticdn.com/if/za-group-portal-web/Quicksand-Regular.ttf' is found, but is not used because the request credentials mode does not match. Consider taking a look at crossorigin attribute. @ https://bank.za.group/en/promotion:32
[    6597ms] [LOG] useInterceptPage needCheck:  false @ https://cdn.zaticdn.com/bank/za-bank-portal-web/prd/_next/static/chunks/pages/_app-31743c5a-21265c7847a2cf04c6bf.js:0
[    6602ms] [LOG] [ZaTracker] 获取现有追踪器实例 undefined @ https://cdn.zaticdn.com/bank/za-bank-portal-web/prd/_next/static/chunks/za-autotrack-0b4b65d9-d175e7528e57e0e9515e.js:0
[    6605ms] [LOG] [ZaTracker] 初始化SDK {project_id: web_002, server_url: https://zaip-innergw.zajourney.com, prefix: autotrack_, check_host: false, heatmap: Object} @ https://cdn.zaticdn.com/bank/za-bank-portal-web/prd/_next/static/chunks/za-autotrack-0b4b65d9-d175e7528e57e0e9515e.js:0
[    6718ms] [ERROR] Failed to load resource: the server responded with a status of 404 (Not Found) @ https://bank.za.group/_next/data/1776928311848-7d5f0538/en/promotion.json:0
[    7804ms] [ERROR] 获取pro-did异常 Subscription not active @ https://cdn.zaticdn.com/bank/za-bank-portal-web/prd/_next/static/chunks/za-libs-e409b138-0a6635d907b92adcee87.js:0
[    8083ms] [LOG] [ZaTracker] 检查host true https://bank.za.group https://bank.za.group @ https://cdn.zaticdn.com/bank/za-bank-portal-web/prd/_next/static/chunks/za-autotrack-0b4b65d9-d175e7528e57e0e9515e.js:0
[    8084ms] [LOG] [ZaTracker] validateCurrentPageSelectors start @ https://cdn.zaticdn.com/bank/za-bank-portal-web/prd/_next/static/chunks/za-autotrack-0b4b65d9-d175e7528e57e0e9515e.js:0
[    8084ms] [LOG] [ZaTracker] SDK初始化完成 @ https://cdn.zaticdn.com/bank/za-bank-portal-web/prd/_next/static/chunks/za-autotrack-0b4b65d9-d175e7528e57e0e9515e.js:0
[    8575ms] [LOG] [ZaTracker] 当前路径无埋点配置需要验证 @ https://cdn.zaticdn.com/bank/za-bank-portal-web/prd/_next/static/chunks/za-autotrack-0b4b65d9-d175e7528e57e0e9515e.js:0
[    8927ms] [LOG] 当前环境模式: prd-bank @ https://zaip-aic.za.group/?accessId=1649389871786&tenantID=1545312220000942&color=pcDefault&supportLanguage=23&language=2&channelId=pc&visitorId=&mode=ananProduction:90
[    8930ms] [LOG] [seraph]:  SDK 初始化 {seraphId: 16c51763a23c4160, env: prd, H5Version: 1.0.0, SERAPH_URL: https://webmon-prd.zajourney.com, debug: true} @ https://cdn.zaticdn.com/if/zamp-common-package/monitor/2.3.7/index.js:0
[    8936ms] [LOG] [seraph]:  PV: {"from":"","to":"https://zaip-aic.za.group/?accessId=1649389871786&tenantID=1545312220000942&color=pcDefault&supportLanguage=23&language=2&channelId=pc&visitorId=&mode=ananProduction","category":"pv","type":"init","pvId":"f06bf2fca043ed49bf6b2a5799653deb86c6"} @ https://cdn.zaticdn.com/if/zamp-common-package/monitor/2.3.7/index.js:0
[    8979ms] [LOG] 当前环境模式: prd-bank @ https://zaip-aic.za.group/?accessId=1649389871786&tenantID=1545312220000942&color=pcDefault&supportLanguage=23&language=2&channelId=pc&visitorId=b0fbc6d6a4c3584be740be64379171d9&mode=ananProduction:90
[    8980ms] [LOG] [seraph]:  SDK 初始化 {seraphId: 16c51763a23c4160, env: prd, H5Version: 1.0.0, SERAPH_URL: https://webmon-prd.zajourney.com, debug: true} @ https://cdn.zaticdn.com/if/zamp-common-package/monitor/2.3.7/index.js:0
[    8982ms] [LOG] [seraph]:  PV: {"from":"","to":"https://zaip-aic.za.group/?accessId=1649389871786&tenantID=1545312220000942&color=pcDefault&supportLanguage=23&language=2&channelId=pc&visitorId=b0fbc6d6a4c3584be740be64379171d9&mode=ananProduction","category":"pv","type":"init","pvId":"97f9567235423e4fc11b8678937f30274687"} @ https://cdn.zaticdn.com/if/zamp-common-package/monitor/2.3.7/index.js:0
[    9155ms] [ERROR] Failed to load resource: net::ERR_NAME_NOT_RESOLVED @ https://anan.zhongan.io/web/api/v2/bot/head/wrapper:0
[    9157ms] Uncaught (in promise) Error: Error: Network Error
    at <anonymous> (https://zaip-aic.za.group/zaznkf.js?date=1777879678500:7:50564)
[    9277ms] [ERROR] Failed to load resource: net::ERR_NAME_NOT_RESOLVED @ https://anan.zhongan.io/web/api/v2/bot/head/wrapper:0
[    9360ms] Uncaught (in promise) Error: Error: Network Error
    at <anonymous> (https://zaip-aic.za.group/zaznkf.js?date=1777879678684:7:50564)
[    9444ms] [LOG] [FST] cacheTrees： [] @ https://cdn.zaticdn.com/if/zamp-common-package/monitor/2.3.7/index.js:0
[    9444ms] [TIMEEND] getFST耗时: 1.867919921875 ms @ https://cdn.zaticdn.com/if/zamp-common-package/monitor/2.3.7/index.js:0
[    9489ms] [LOG] [FST] cacheTrees： [] @ https://cdn.zaticdn.com/if/zamp-common-package/monitor/2.3.7/index.js:0
[    9490ms] [TIMEEND] getFST耗时: 1.178955078125 ms @ https://cdn.zaticdn.com/if/zamp-common-package/monitor/2.3.7/index.js:0
[    9587ms] [WARNING] The resource https://cdn.zaticdn.com/if/za-group-portal-web/Quicksand-Bold.ttf was preloaded using link preload but not used within a few seconds from the window's load event. Please make sure it has an appropriate `as` value and it is preloaded intentionally. @ https://bank.za.group/en/promotion:0
[    9587ms] [WARNING] The resource https://cdn.zaticdn.com/if/za-group-portal-web/Quicksand-Regular.ttf was preloaded using link preload but not used within a few seconds from the window's load event. Please make sure it has an appropriate `as` value and it is preloaded intentionally. @ https://bank.za.group/en/promotion:0
[    9588ms] [WARNING] The resource https://cdn.zaticdn.com/if/za-group-portal-web/Quicksand-Medium.ttf was preloaded using link preload but not used within a few seconds from the window's load event. Please make sure it has an appropriate `as` value and it is preloaded intentionally. @ https://bank.za.group/en/promotion:0
[   10029ms] [LOG] [seraph]:  请求信息 {method: POST, msg: , url: https://offlineapp.za.group/offlinelog/api/report/web, cbTime: 463, async: true} @ https://cdn.zaticdn.com/if/zamp-common-package/monitor/2.3.7/index.js:0
[   10048ms] [LOG] [seraph]:  请求信息 {method: POST, msg: , url: https://offlineapp.za.group/offlinelog/api/report/web, cbTime: 470, async: true} @ https://cdn.zaticdn.com/if/zamp-common-package/monitor/2.3.7/index.js:0
[   10617ms] [LOG] >>>popstate @ https://cdn.zaticdn.com/if/zamp-common-package/tracker/online/index.js:0
[   10732ms] [LOG] >>>popstate @ https://cdn.zaticdn.com/if/zamp-common-package/tracker/online/index.js:0
[   10749ms] [LOG] [seraph]:  PV: {"from":"https://zaip-aic.za.group/?accessId=1649389871786&tenantID=1545312220000942&color=pcDefault&supportLanguage=23&language=2&channelId=pc&visitorId=b0fbc6d6a4c3584be740be64379171d9&mode=ananProduction","to":"https://zaip-aic.za.group/?accessId=1649389871786&tenantID=1545312220000942&color=pcDefault&supportLanguage=23&language=2&channelId=pc&visitorId=b0fbc6d6a4c3584be740be64379171d9&mode=ananProduction#/","category":"pv","type":"hashchange","pvId":"ed26935e4f0c944bfb1bf3f98fac06eab11c"} @ https://cdn.zaticdn.com/if/zamp-common-package/monitor/2.3.7/index.js:0
[   10749ms] [LOG] [FST] hashchange事件触发 @ https://cdn.zaticdn.com/if/zamp-common-package/monitor/2.3.7/index.js:0
[   10749ms] [LOG] >>>hashchange @ https://cdn.zaticdn.com/if/zamp-common-package/tracker/online/index.js:0
[   10784ms] [LOG] [seraph]:  PV: {"from":"https://zaip-aic.za.group/?accessId=1649389871786&tenantID=1545312220000942&color=pcDefault&supportLanguage=23&language=2&channelId=pc&visitorId=&mode=ananProduction","to":"https://zaip-aic.za.group/?accessId=1649389871786&tenantID=1545312220000942&color=pcDefault&supportLanguage=23&language=2&channelId=pc&visitorId=&mode=ananProduction#/","category":"pv","type":"hashchange","pvId":"4a1333136541fc4a44289341735f4ad55f31"} @ https://cdn.zaticdn.com/if/zamp-common-package/monitor/2.3.7/index.js:0
[   10784ms] [LOG] [FST] hashchange事件触发 @ https://cdn.zaticdn.com/if/zamp-common-package/monitor/2.3.7/index.js:0
[   10785ms] [LOG] >>>hashchange @ https://cdn.zaticdn.com/if/zamp-common-package/tracker/online/index.js:0
[   10896ms] [TIMEEND] getValidMutations: 1.56591796875 ms @ https://cdn.zaticdn.com/if/zamp-common-package/monitor/2.3.7/index.js:0
[   10897ms] [LOG] [FST] 是否为首屏内有效变动： true [MutationRecord] @ https://cdn.zaticdn.com/if/zamp-common-package/monitor/2.3.7/index.js:0
[   10908ms] [TIMEEND] getValidMutations: 0.652099609375 ms @ https://cdn.zaticdn.com/if/zamp-common-package/monitor/2.3.7/index.js:0
[   10908ms] [LOG] [FST] 是否为首屏内有效变动： true [MutationRecord] @ https://cdn.zaticdn.com/if/zamp-common-package/monitor/2.3.7/index.js:0
[   11032ms] [TIMEEND] getValidMutations: 1.518798828125 ms @ https://cdn.zaticdn.com/if/zamp-common-package/monitor/2.3.7/index.js:0
[   11033ms] [LOG] [FST] 是否为首屏内有效变动： true [MutationRecord, MutationRecord] @ https://cdn.zaticdn.com/if/zamp-common-package/monitor/2.3.7/index.js:0
[   11051ms] Error: No native APIs found.
    at e.value (https://zaip-aic.za.group/standard/index.bab03.async.js:6:222945)
    at https://zaip-aic.za.group/standard/index.bab03.async.js:6:222495
    at new Promise (<anonymous>)
    at e.value (https://zaip-aic.za.group/standard/index.bab03.async.js:6:222412)
    at k (https://zaip-aic.za.group/standard/index.bab03.async.js:6:227088)
    at t.value (https://zaip-aic.za.group/standard/index.bab03.async.js:35:714216)
    at pu (https://zaip-aic.za.group/standard/vendor.af3a2.async.js:17:83371)
    at Ns (https://zaip-aic.za.group/standard/vendor.af3a2.async.js:17:101074)
    at t.unstable_runWithPriority (https://zaip-aic.za.group/standard/index.bab03.async.js:72:3362)
    at Qo (https://zaip-aic.za.group/standard/vendor.af3a2.async.js:17:45192)
[   11055ms] Error: No native APIs found.
    at e.value (https://zaip-aic.za.group/standard/index.bab03.async.js:6:222945)
    at https://zaip-aic.za.group/standard/index.bab03.async.js:6:222495
    at new Promise (<anonymous>)
    at e.value (https://zaip-aic.za.group/standard/index.bab03.async.js:6:222412)
    at k (https://zaip-aic.za.group/standard/index.bab03.async.js:6:227088)
    at t.value (https://zaip-aic.za.group/standard/index.bab03.async.js:35:714216)
    at pu (https://zaip-aic.za.group/standard/vendor.af3a2.async.js:17:83371)
    at Ns (https://zaip-aic.za.group/standard/vendor.af3a2.async.js:17:101074)
    at t.unstable_runWithPriority (https://zaip-aic.za.group/standard/index.bab03.async.js:72:3362)
    at Qo (https://zaip-aic.za.group/standard/vendor.af3a2.async.js:17:45192)
[   11056ms] [LOG] [seraph]:  请求信息 {method: POST, msg: , url: https://zaip-aic.za.group/web/api/v2/bot/hi, cbTime: 412, async: true} @ https://cdn.zaticdn.com/if/zamp-common-package/monitor/2.3.7/index.js:0
[   11060ms] [LOG] [seraph]:  report data = {resourceMetrics: null, resourceLogs: Object} @ https://cdn.zaticdn.com/if/zamp-common-package/monitor/2.3.7/index.js:0
[   11269ms] [TIMEEND] getValidMutations: 0.885009765625 ms @ https://cdn.zaticdn.com/if/zamp-common-package/monitor/2.3.7/index.js:0
[   11270ms] [LOG] [FST] 是否为首屏内有效变动： true [MutationRecord, MutationRecord] @ https://cdn.zaticdn.com/if/zamp-common-package/monitor/2.3.7/index.js:0
[   11319ms] [TIMEEND] getValidMutations: 0.171142578125 ms @ https://cdn.zaticdn.com/if/zamp-common-package/monitor/2.3.7/index.js:0
[   11319ms] [LOG] [FST] 是否为首屏内有效变动： true [MutationRecord] @ https://cdn.zaticdn.com/if/zamp-common-package/monitor/2.3.7/index.js:0
[   11413ms] [TIMEEND] getValidMutations: 77.609130859375 ms @ https://cdn.zaticdn.com/if/zamp-common-package/monitor/2.3.7/index.js:0
[   11413ms] [LOG] [FST] 是否为首屏内有效变动： true [MutationRecord, MutationRecord] @ https://cdn.zaticdn.com/if/zamp-common-package/monitor/2.3.7/index.js:0
[   11459ms] [TIMEEND] getValidMutations: 20.39599609375 ms @ https://cdn.zaticdn.com/if/zamp-common-package/monitor/2.3.7/index.js:0
[   11459ms] [LOG] [FST] 是否为首屏内有效变动： true [MutationRecord] @ https://cdn.zaticdn.com/if/zamp-common-package/monitor/2.3.7/index.js:0
[   11483ms] [TIMEEND] getValidMutations: 2.030029296875 ms @ https://cdn.zaticdn.com/if/zamp-common-package/monitor/2.3.7/index.js:0
[   11483ms] [LOG] [FST] 是否为首屏内有效变动： true [MutationRecord] @ https://cdn.zaticdn.com/if/zamp-common-package/monitor/2.3.7/index.js:0
[   11509ms] [TIMEEND] getValidMutations: 1.7548828125 ms @ https://cdn.zaticdn.com/if/zamp-common-package/monitor/2.3.7/index.js:0
[   11509ms] [LOG] [FST] 是否为首屏内有效变动： true [MutationRecord] @ https://cdn.zaticdn.com/if/zamp-common-package/monitor/2.3.7/index.js:0
[   11640ms] [TIMEEND] getValidMutations: 111.18994140625 ms @ https://cdn.zaticdn.com/if/zamp-common-package/monitor/2.3.7/index.js:0
[   11640ms] [LOG] [FST] 是否为首屏内有效变动： false [MutationRecord] @ https://cdn.zaticdn.com/if/zamp-common-package/monitor/2.3.7/index.js:0
[   11647ms] [LOG] [seraph]:  report data = {resourceMetrics: null, resourceLogs: Object} @ https://cdn.zaticdn.com/if/zamp-common-package/monitor/2.3.7/index.js:0
[   11696ms] [TIMEEND] getValidMutations: 1.2919921875 ms @ https://cdn.zaticdn.com/if/zamp-common-package/monitor/2.3.7/index.js:0
[   11696ms] [LOG] [FST] 是否为首屏内有效变动： true [MutationRecord, MutationRecord] @ https://cdn.zaticdn.com/if/zamp-common-package/monitor/2.3.7/index.js:0
[   11718ms] [TIMEEND] getValidMutations: 0.094970703125 ms @ https://cdn.zaticdn.com/if/zamp-common-package/monitor/2.3.7/index.js:0
[   11719ms] [LOG] [FST] 是否为首屏内有效变动： true [MutationRecord] @ https://cdn.zaticdn.com/if/zamp-common-package/monitor/2.3.7/index.js:0
[   11741ms] [TIMEEND] getValidMutations: 2.3359375 ms @ https://cdn.zaticdn.com/if/zamp-common-package/monitor/2.3.7/index.js:0
[   11741ms] [LOG] [FST] 是否为首屏内有效变动： true [MutationRecord] @ https://cdn.zaticdn.com/if/zamp-common-package/monitor/2.3.7/index.js:0
[   11780ms] [TIMEEND] getValidMutations: 2.64990234375 ms @ https://cdn.zaticdn.com/if/zamp-common-package/monitor/2.3.7/index.js:0
[   11780ms] [LOG] [FST] 是否为首屏内有效变动： true [MutationRecord, MutationRecord] @ https://cdn.zaticdn.com/if/zamp-common-package/monitor/2.3.7/index.js:0
[   11803ms] [TIMEEND] getValidMutations: 2.650146484375 ms @ https://cdn.zaticdn.com/if/zamp-common-package/monitor/2.3.7/index.js:0
[   11803ms] [LOG] [FST] 是否为首屏内有效变动： true [MutationRecord] @ https://cdn.zaticdn.com/if/zamp-common-package/monitor/2.3.7/index.js:0
[   11828ms] [TIMEEND] getValidMutations: 3.90185546875 ms @ https://cdn.zaticdn.com/if/zamp-common-package/monitor/2.3.7/index.js:0
[   11828ms] [LOG] [FST] 是否为首屏内有效变动： false [MutationRecord] @ https://cdn.zaticdn.com/if/zamp-common-package/monitor/2.3.7/index.js:0
[   11838ms] [TIMEEND] getValidMutations: 0.6640625 ms @ https://cdn.zaticdn.com/if/zamp-common-package/monitor/2.3.7/index.js:0
[   11838ms] [LOG] [FST] 是否为首屏内有效变动： true [MutationRecord] @ https://cdn.zaticdn.com/if/zamp-common-package/monitor/2.3.7/index.js:0
[   11950ms] [TIMEEND] getValidMutations: 1.473876953125 ms @ https://cdn.zaticdn.com/if/zamp-common-package/monitor/2.3.7/index.js:0
[   11950ms] [LOG] [FST] 是否为首屏内有效变动： true [MutationRecord] @ https://cdn.zaticdn.com/if/zamp-common-package/monitor/2.3.7/index.js:0
[   11966ms] [TIMEEND] getValidMutations: 0.9208984375 ms @ https://cdn.zaticdn.com/if/zamp-common-package/monitor/2.3.7/index.js:0
[   11966ms] [LOG] [FST] 是否为首屏内有效变动： true [MutationRecord] @ https://cdn.zaticdn.com/if/zamp-common-package/monitor/2.3.7/index.js:0
[   12031ms] [TIMEEND] getValidMutations: 5.9658203125 ms @ https://cdn.zaticdn.com/if/zamp-common-package/monitor/2.3.7/index.js:0
[   12031ms] [LOG] [FST] 是否为首屏内有效变动： true [MutationRecord, MutationRecord, MutationRecord, MutationRecord, MutationRecord, MutationRecord, MutationRecord, MutationRecord, MutationRecord, MutationRecord] @ https://cdn.zaticdn.com/if/zamp-common-package/monitor/2.3.7/index.js:0
[   12180ms] [LOG] [seraph]:  请求信息 {method: POST, msg: , url: https://zaip-aic.za.group/web/api/v2/bot/hi, cbTime: 1440, async: true} @ https://cdn.zaticdn.com/if/zamp-common-package/monitor/2.3.7/index.js:0
[   12182ms] [LOG] [seraph]:  请求信息 {method: get, msg: , url: https://zaip-aic.za.group/web/api/v2/bot/navigation?queryType=0, cbTime: 262, async: true} @ https://cdn.zaticdn.com/if/zamp-common-package/monitor/2.3.7/index.js:0
[   12183ms] [LOG] [seraph]:  请求信息 {method: get, msg: , url: https://zaip-aic.za.group/web/api/v5/customer/chat…?tenantID=1545312220000942&accessId=1649389871786, cbTime: 263, async: true} @ https://cdn.zaticdn.com/if/zamp-common-package/monitor/2.3.7/index.js:0
[   12184ms] [LOG] [seraph]:  请求信息 {method: POST, msg: , url: https://offlineapp.za.group/offlinelog/api/report/web, cbTime: 1398, async: true} @ https://cdn.zaticdn.com/if/zamp-common-package/monitor/2.3.7/index.js:0
[   12186ms] [LOG] [FST] cacheTrees： [Object, Object, Object, Object, Object, Object, Object, Object, Object] @ https://cdn.zaticdn.com/if/zamp-common-package/monitor/2.3.7/index.js:0
[   12190ms] [LOG] [FST] 最后dom元素及资源： {ts: 3105, records: Array(2)} {ts: 2037.1000000089407, element: div.scroll.sc-bxivhb.fdfkMX} @ https://cdn.zaticdn.com/if/zamp-common-package/monitor/2.3.7/index.js:0
[   12190ms] [TIMEEND] getFST耗时: 4.201904296875 ms @ https://cdn.zaticdn.com/if/zamp-common-package/monitor/2.3.7/index.js:0
[   12192ms] [LOG] [FST] cacheTrees： [Object, Object, Object, Object, Object, Object, Object, Object, Object] @ https://cdn.zaticdn.com/if/zamp-common-package/monitor/2.3.7/index.js:0
[   12199ms] [LOG] [FST] 最后dom元素及资源： {ts: 3158.7000000029802, records: Array(1)} {ts: 2355.7000000029802, element: div.scroll.sc-bxivhb.bSDaYa} @ https://cdn.zaticdn.com/if/zamp-common-package/monitor/2.3.7/index.js:0
[   12199ms] [TIMEEND] getFST耗时: 7.14892578125 ms @ https://cdn.zaticdn.com/if/zamp-common-package/monitor/2.3.7/index.js:0
[   12213ms] [LOG] [seraph]:  请求信息 {method: get, msg: , url: https://zaip-aic.za.group/web/api/v2/bot/navigation?queryType=0, cbTime: 482, async: true} @ https://cdn.zaticdn.com/if/zamp-common-package/monitor/2.3.7/index.js:0
[   12380ms] [LOG] >>>load @ https://cdn.zaticdn.com/if/zamp-common-package/tracker/online/index.js:0
[   12388ms] [LOG] [seraph]:  请求信息 {method: get, msg: , url: https://zaip-aic.za.group/web/api/v5/customer/chat…?tenantID=1545312220000942&accessId=1649389871786, cbTime: 1126, async: true} @ https://cdn.zaticdn.com/if/zamp-common-package/monitor/2.3.7/index.js:0
[   12394ms] [LOG] >>>load @ https://cdn.zaticdn.com/if/zamp-common-package/tracker/online/index.js:0
[   12474ms] [LOG] [seraph]:  请求信息 {method: get, msg: , url: https://zaip-aic.za.group/web/api/v5/customer/chat…89871786&pageSize=20&pageNum=1&date=1777879680674, cbTime: 156, async: true} @ https://cdn.zaticdn.com/if/zamp-common-package/monitor/2.3.7/index.js:0
[   12498ms] [LOG] [seraph]:  report data = {resourceMetrics: Object, resourceLogs: Object} @ https://cdn.zaticdn.com/if/zamp-common-package/monitor/2.3.7/index.js:0
[   12502ms] [LOG] [seraph]:  report data = {resourceMetrics: null, resourceLogs: Object} @ https://cdn.zaticdn.com/if/zamp-common-package/monitor/2.3.7/index.js:0
[   12516ms] [LOG] [seraph]:  report data = {resourceMetrics: Object, resourceLogs: Object} @ https://cdn.zaticdn.com/if/zamp-common-package/monitor/2.3.7/index.js:0
[   12521ms] [LOG] [seraph]:  report data = {resourceMetrics: null, resourceLogs: Object} @ https://cdn.zaticdn.com/if/zamp-common-package/monitor/2.3.7/index.js:0
[   12598ms] [LOG] [seraph]:  请求信息 {method: POST, msg: , url: https://offlineapp.za.group/offlinelog/api/report/web, cbTime: 217, async: true} @ https://cdn.zaticdn.com/if/zamp-common-package/monitor/2.3.7/index.js:0
[   12599ms] [LOG] [seraph]:  请求信息 {method: get, msg: , url: https://zaip-aic.za.group/web/api/v5/customer/chat…89871786&pageSize=20&pageNum=1&date=1777879680769, cbTime: 46, async: true} @ https://cdn.zaticdn.com/if/zamp-common-package/monitor/2.3.7/index.js:0
[   12600ms] [LOG] [seraph]:  请求信息 {method: POST, msg: , url: https://offlineapp.za.group/offlinelog/api/report/web, cbTime: 205, async: true} @ https://cdn.zaticdn.com/if/zamp-common-package/monitor/2.3.7/index.js:0
[   12644ms] [LOG] [seraph]:  请求信息 {method: get, msg: , url: https://zaip-aic.za.group/web/api/v4/synctime/gettime, cbTime: 29, async: true} @ https://cdn.zaticdn.com/if/zamp-common-package/monitor/2.3.7/index.js:0
[   12650ms] [LOG] [seraph]:  请求信息 {method: get, msg: , url: https://zaip-aic.za.group/web/api/v4/synctime/gettime, cbTime: 29, async: true} @ https://cdn.zaticdn.com/if/zamp-common-package/monitor/2.3.7/index.js:0
[   12701ms] [LOG] [seraph]:  请求信息 {method: post, msg: , url: https://zaip-aic.za.group/web/api/v4.9/customer/leavemessage/queryConfig, cbTime: 63, async: true} @ https://cdn.zaticdn.com/if/zamp-common-package/monitor/2.3.7/index.js:0
[   12725ms] [LOG] [seraph]:  请求信息 {method: get, msg: , url: https://zaip-aic.za.group/web/api/v5/customer/audit/guide/questions?tenantId=1545312220000942, cbTime: 64, async: true} @ https://cdn.zaticdn.com/if/zamp-common-package/monitor/2.3.7/index.js:0
[   12727ms] [LOG] [seraph]:  请求信息 {method: post, msg: , url: https://zaip-aic.za.group/web/api/v4.9/customer/leavemessage/queryConfig, cbTime: 54, async: true} @ https://cdn.zaticdn.com/if/zamp-common-package/monitor/2.3.7/index.js:0
[   12753ms] [LOG] [seraph]:  请求信息 {method: get, msg: , url: https://zaip-aic.za.group/web/api/v5/customer/audit/guide/questions?tenantId=1545312220000942, cbTime: 103, async: true} @ https://cdn.zaticdn.com/if/zamp-common-package/monitor/2.3.7/index.js:0
[   14114ms] [ERROR] Failed to load resource: the server responded with a status of 404 () @ https://bank.za.group/_next/data/1776928311848-7d5f0538/hk/promotion.json:0
[   14733ms] [LOG] [seraph]:  report data = {resourceMetrics: null, resourceLogs: Object} @ https://cdn.zaticdn.com/if/zamp-common-package/monitor/2.3.7/index.js:0
[   14759ms] [LOG] [seraph]:  report data = {resourceMetrics: null, resourceLogs: Object} @ https://cdn.zaticdn.com/if/zamp-common-package/monitor/2.3.7/index.js:0
[   19363ms] [WARNING] The resource https://cdn.zaticdn.com/if/za-group-portal-web/Quicksand-Bold.ttf was preloaded using link preload but not used within a few seconds from the window's load event. Please make sure it has an appropriate `as` value and it is preloaded intentionally. @ https://bank.za.group/en/promotion:0
[   19363ms] [WARNING] The resource https://cdn.zaticdn.com/if/za-group-portal-web/Quicksand-Regular.ttf was preloaded using link preload but not used within a few seconds from the window's load event. Please make sure it has an appropriate `as` value and it is preloaded intentionally. @ https://bank.za.group/en/promotion:0
[   19363ms] [WARNING] The resource https://cdn.zaticdn.com/if/za-group-portal-web/Quicksand-Medium.ttf was preloaded using link preload but not used within a few seconds from the window's load event. Please make sure it has an appropriate `as` value and it is preloaded intentionally. @ https://bank.za.group/en/promotion:0
