[    2297ms] [WARNING] A preload for 'https://cdn.zaticdn.com/if/za-group-portal-web/Quicksand-Medium.ttf' is found, but is not used because the request credentials mode does not match. Consider taking a look at crossorigin attribute. @ https://bank.za.group/hk/open-account-mgm:32
[    2297ms] [WARNING] A preload for 'https://cdn.zaticdn.com/if/za-group-portal-web/Quicksand-Bold.ttf' is found, but is not used because the request credentials mode does not match. Consider taking a look at crossorigin attribute. @ https://bank.za.group/hk/open-account-mgm:32
[    2297ms] [WARNING] A preload for 'https://cdn.zaticdn.com/if/za-group-portal-web/Quicksand-Medium.ttf' is found, but is not used because the request credentials mode does not match. Consider taking a look at crossorigin attribute. @ https://bank.za.group/hk/open-account-mgm:32
[    2297ms] [WARNING] A preload for 'https://cdn.zaticdn.com/if/za-group-portal-web/Quicksand-Regular.ttf' is found, but is not used because the request credentials mode does not match. Consider taking a look at crossorigin attribute. @ https://bank.za.group/hk/open-account-mgm:32
[    7047ms] [LOG] =====执行jsAssets====== @ https://cdn.zaticdn.com/bank/za-bank-portal-web/prd/_next/static/chunks/za-libs-9b9af3fc-585645b2c4c70c2ed3b7.js:0
[    7253ms] [LOG] useInterceptPage needCheck:  false @ https://cdn.zaticdn.com/bank/za-bank-portal-web/prd/_next/static/chunks/pages/_app-31743c5a-21265c7847a2cf04c6bf.js:0
[    7258ms] [LOG] [ZaTracker] 获取现有追踪器实例 undefined @ https://cdn.zaticdn.com/bank/za-bank-portal-web/prd/_next/static/chunks/za-autotrack-0b4b65d9-d175e7528e57e0e9515e.js:0
[    7261ms] [LOG] [ZaTracker] 初始化SDK {project_id: web_002, server_url: https://zaip-innergw.zajourney.com, prefix: autotrack_, check_host: false, heatmap: Object} @ https://cdn.zaticdn.com/bank/za-bank-portal-web/prd/_next/static/chunks/za-autotrack-0b4b65d9-d175e7528e57e0e9515e.js:0
[    7676ms] [ERROR] 获取pro-did异常 Subscription not active @ https://cdn.zaticdn.com/bank/za-bank-portal-web/prd/_next/static/chunks/za-libs-e409b138-0a6635d907b92adcee87.js:0
[    7932ms] [LOG] [ZaTracker] 检查host true https://bank.za.group https://bank.za.group @ https://cdn.zaticdn.com/bank/za-bank-portal-web/prd/_next/static/chunks/za-autotrack-0b4b65d9-d175e7528e57e0e9515e.js:0
[    7932ms] [LOG] [ZaTracker] validateCurrentPageSelectors start @ https://cdn.zaticdn.com/bank/za-bank-portal-web/prd/_next/static/chunks/za-autotrack-0b4b65d9-d175e7528e57e0e9515e.js:0
[    7933ms] [LOG] [ZaTracker] SDK初始化完成 @ https://cdn.zaticdn.com/bank/za-bank-portal-web/prd/_next/static/chunks/za-autotrack-0b4b65d9-d175e7528e57e0e9515e.js:0
[    8066ms] [LOG] [ZaTracker] 当前路径无埋点配置需要验证 @ https://cdn.zaticdn.com/bank/za-bank-portal-web/prd/_next/static/chunks/za-autotrack-0b4b65d9-d175e7528e57e0e9515e.js:0
[    9897ms] [LOG] 当前环境模式: prd-bank @ https://zaip-aic.za.group/?accessId=1649390273577&tenantID=1545312220000942&color=pcDefault&supportLanguage=23&language=3&channelId=pc&visitorId=b0fbc6d6a4c3584be740be64379171d9&mode=ananProduction:90
[    9899ms] [LOG] [seraph]:  SDK 初始化 {seraphId: 16c51763a23c4160, env: prd, H5Version: 1.0.0, SERAPH_URL: https://webmon-prd.zajourney.com, debug: true} @ https://cdn.zaticdn.com/if/zamp-common-package/monitor/2.3.7/index.js:0
[    9901ms] [LOG] [seraph]:  PV: {"from":"","to":"https://zaip-aic.za.group/?accessId=1649390273577&tenantID=1545312220000942&color=pcDefault&supportLanguage=23&language=3&channelId=pc&visitorId=b0fbc6d6a4c3584be740be64379171d9&mode=ananProduction","category":"pv","type":"init","pvId":"8bd4226a05476343faaa47c2ba01d1d760fe"} @ https://cdn.zaticdn.com/if/zamp-common-package/monitor/2.3.7/index.js:0
[    9982ms] [ERROR] Failed to load resource: net::ERR_NAME_NOT_RESOLVED @ https://anan.zhongan.io/web/api/v2/bot/head/wrapper:0
[    9982ms] Uncaught (in promise) Error: Error: Network Error
    at <anonymous> (https://zaip-aic.za.group/zaznkf.js?date=1777881836543:7:50564)
[   10405ms] [LOG] [seraph]:  请求信息 {method: POST, msg: , url: https://offlineapp.za.group/offlinelog/api/report/web, cbTime: 289, async: true} @ https://cdn.zaticdn.com/if/zamp-common-package/monitor/2.3.7/index.js:0
[   10405ms] [LOG] [FST] cacheTrees： [] @ https://cdn.zaticdn.com/if/zamp-common-package/monitor/2.3.7/index.js:0
[   10406ms] [TIMEEND] getFST耗时: 0.55908203125 ms @ https://cdn.zaticdn.com/if/zamp-common-package/monitor/2.3.7/index.js:0
[   10758ms] [LOG] >>>popstate @ https://cdn.zaticdn.com/if/zamp-common-package/tracker/online/index.js:0
[   10798ms] [LOG] [seraph]:  PV: {"from":"https://zaip-aic.za.group/?accessId=1649390273577&tenantID=1545312220000942&color=pcDefault&supportLanguage=23&language=3&channelId=pc&visitorId=b0fbc6d6a4c3584be740be64379171d9&mode=ananProduction","to":"https://zaip-aic.za.group/?accessId=1649390273577&tenantID=1545312220000942&color=pcDefault&supportLanguage=23&language=3&channelId=pc&visitorId=b0fbc6d6a4c3584be740be64379171d9&mode=ananProduction#/","category":"pv","type":"hashchange","pvId":"0c1a15512018b84d6498d4c322c33c9b02d1"} @ https://cdn.zaticdn.com/if/zamp-common-package/monitor/2.3.7/index.js:0
[   10798ms] [LOG] [FST] hashchange事件触发 @ https://cdn.zaticdn.com/if/zamp-common-package/monitor/2.3.7/index.js:0
[   10798ms] [LOG] >>>hashchange @ https://cdn.zaticdn.com/if/zamp-common-package/tracker/online/index.js:0
[   10832ms] [TIMEEND] getValidMutations: 0.826171875 ms @ https://cdn.zaticdn.com/if/zamp-common-package/monitor/2.3.7/index.js:0
[   10832ms] [LOG] [FST] 是否为首屏内有效变动： true [MutationRecord] @ https://cdn.zaticdn.com/if/zamp-common-package/monitor/2.3.7/index.js:0
[   10835ms] Error: No native APIs found.
    at e.value (https://zaip-aic.za.group/standard/index.bab03.async.js:6:222945)
    at https://zaip-aic.za.group/standard/index.bab03.async.js:6:222495
    at new Promise (<anonymous>)
    at e.value (https://zaip-aic.za.group/standard/index.bab03.async.js:6:222412)
    at k (https://zaip-aic.za.group/standard/index.bab03.async.js:6:227088)
    at t.value (https://zaip-aic.za.group/standard/index.bab03.async.js:35:714216)
    at pu (https://zaip-aic.za.group/standard/vendor.af3a2.async.js:17:83371)
    at Ns (https://zaip-aic.za.group/standard/vendor.af3a2.async.js:17:101074)
    at t.unstable_runWithPriority (https://zaip-aic.za.group/standard/index.bab03.async.js:72:3362)
    at Qo (https://zaip-aic.za.group/standard/vendor.af3a2.async.js:17:45192)
[   10923ms] [TIMEEND] getValidMutations: 1.27392578125 ms @ https://cdn.zaticdn.com/if/zamp-common-package/monitor/2.3.7/index.js:0
[   10924ms] [LOG] [FST] 是否为首屏内有效变动： true [MutationRecord, MutationRecord] @ https://cdn.zaticdn.com/if/zamp-common-package/monitor/2.3.7/index.js:0
[   10933ms] [LOG] [seraph]:  report data = {resourceMetrics: null, resourceLogs: Object} @ https://cdn.zaticdn.com/if/zamp-common-package/monitor/2.3.7/index.js:0
[   11046ms] [TIMEEND] getValidMutations: 0.673095703125 ms @ https://cdn.zaticdn.com/if/zamp-common-package/monitor/2.3.7/index.js:0
[   11046ms] [LOG] [FST] 是否为首屏内有效变动： true [MutationRecord, MutationRecord] @ https://cdn.zaticdn.com/if/zamp-common-package/monitor/2.3.7/index.js:0
[   11117ms] [TIMEEND] getValidMutations: 0.263916015625 ms @ https://cdn.zaticdn.com/if/zamp-common-package/monitor/2.3.7/index.js:0
[   11117ms] [LOG] [FST] 是否为首屏内有效变动： true [MutationRecord] @ https://cdn.zaticdn.com/if/zamp-common-package/monitor/2.3.7/index.js:0
[   11186ms] [TIMEEND] getValidMutations: 51.35400390625 ms @ https://cdn.zaticdn.com/if/zamp-common-package/monitor/2.3.7/index.js:0
[   11187ms] [LOG] [FST] 是否为首屏内有效变动： true [MutationRecord, MutationRecord, MutationRecord] @ https://cdn.zaticdn.com/if/zamp-common-package/monitor/2.3.7/index.js:0
[   11201ms] [TIMEEND] getValidMutations: 1.291015625 ms @ https://cdn.zaticdn.com/if/zamp-common-package/monitor/2.3.7/index.js:0
[   11201ms] [LOG] [FST] 是否为首屏内有效变动： true [MutationRecord] @ https://cdn.zaticdn.com/if/zamp-common-package/monitor/2.3.7/index.js:0
[   11214ms] [TIMEEND] getValidMutations: 1.147216796875 ms @ https://cdn.zaticdn.com/if/zamp-common-package/monitor/2.3.7/index.js:0
[   11214ms] [LOG] [FST] 是否为首屏内有效变动： true [MutationRecord] @ https://cdn.zaticdn.com/if/zamp-common-package/monitor/2.3.7/index.js:0
[   11250ms] [TIMEEND] getValidMutations: 26.4560546875 ms @ https://cdn.zaticdn.com/if/zamp-common-package/monitor/2.3.7/index.js:0
[   11250ms] [LOG] [FST] 是否为首屏内有效变动： false [MutationRecord] @ https://cdn.zaticdn.com/if/zamp-common-package/monitor/2.3.7/index.js:0
[   11263ms] [LOG] [seraph]:  请求信息 {method: POST, msg: , url: https://zaip-aic.za.group/web/api/v2/bot/hi, cbTime: 471, async: true} @ https://cdn.zaticdn.com/if/zamp-common-package/monitor/2.3.7/index.js:0
[   11264ms] [WARNING] The resource https://cdn.zaticdn.com/if/za-group-portal-web/Quicksand-Bold.ttf was preloaded using link preload but not used within a few seconds from the window's load event. Please make sure it has an appropriate `as` value and it is preloaded intentionally. @ https://bank.za.group/hk/open-account-mgm:0
[   11264ms] [WARNING] The resource https://cdn.zaticdn.com/if/za-group-portal-web/Quicksand-Regular.ttf was preloaded using link preload but not used within a few seconds from the window's load event. Please make sure it has an appropriate `as` value and it is preloaded intentionally. @ https://bank.za.group/hk/open-account-mgm:0
[   11264ms] [WARNING] The resource https://cdn.zaticdn.com/if/za-group-portal-web/Quicksand-Medium.ttf was preloaded using link preload but not used within a few seconds from the window's load event. Please make sure it has an appropriate `as` value and it is preloaded intentionally. @ https://bank.za.group/hk/open-account-mgm:0
[   11353ms] [TIMEEND] getValidMutations: 1.177001953125 ms @ https://cdn.zaticdn.com/if/zamp-common-package/monitor/2.3.7/index.js:0
[   11353ms] [LOG] [FST] 是否为首屏内有效变动： true [MutationRecord] @ https://cdn.zaticdn.com/if/zamp-common-package/monitor/2.3.7/index.js:0
[   11358ms] [TIMEEND] getValidMutations: 0.9951171875 ms @ https://cdn.zaticdn.com/if/zamp-common-package/monitor/2.3.7/index.js:0
[   11358ms] [LOG] [FST] 是否为首屏内有效变动： false [MutationRecord] @ https://cdn.zaticdn.com/if/zamp-common-package/monitor/2.3.7/index.js:0
[   11374ms] [TIMEEND] getValidMutations: 4.6259765625 ms @ https://cdn.zaticdn.com/if/zamp-common-package/monitor/2.3.7/index.js:0
[   11374ms] [LOG] [FST] 是否为首屏内有效变动： false [MutationRecord] @ https://cdn.zaticdn.com/if/zamp-common-package/monitor/2.3.7/index.js:0
[   11378ms] [LOG] [FST] cacheTrees： [Object, Object, Object, Object, Object, Object, Object, Object] @ https://cdn.zaticdn.com/if/zamp-common-package/monitor/2.3.7/index.js:0
[   11382ms] [LOG] [FST] 最后dom元素及资源： {ts: 1592.5, records: Array(1)} {ts: 1350.7999999970198, element: div.scroll.sc-bxivhb.bSDaYa} @ https://cdn.zaticdn.com/if/zamp-common-package/monitor/2.3.7/index.js:0
[   11383ms] [TIMEEND] getFST耗时: 4.43896484375 ms @ https://cdn.zaticdn.com/if/zamp-common-package/monitor/2.3.7/index.js:0
[   11383ms] [LOG] [FST] 最终首屏时间：: 411 @ https://cdn.zaticdn.com/if/zamp-common-package/monitor/2.3.7/index.js:0
[   11383ms] [LOG] [FST] routerStartTime 1181 @ https://cdn.zaticdn.com/if/zamp-common-package/monitor/2.3.7/index.js:0
[   11459ms] [LOG] [seraph]:  请求信息 {method: get, msg: , url: https://zaip-aic.za.group/web/api/v2/bot/navigation?queryType=0, cbTime: 333, async: true} @ https://cdn.zaticdn.com/if/zamp-common-package/monitor/2.3.7/index.js:0
[   11459ms] [LOG] [seraph]:  请求信息 {method: get, msg: , url: https://zaip-aic.za.group/web/api/v5/customer/chat…?tenantID=1545312220000942&accessId=1649390273577, cbTime: 331, async: true} @ https://cdn.zaticdn.com/if/zamp-common-package/monitor/2.3.7/index.js:0
[   11620ms] [LOG] [seraph]:  请求信息 {method: get, msg: , url: https://zaip-aic.za.group/web/api/v5/customer/chat…90273577&pageSize=20&pageNum=1&date=1777881837838, cbTime: 31, async: true} @ https://cdn.zaticdn.com/if/zamp-common-package/monitor/2.3.7/index.js:0
[   11656ms] [LOG] [seraph]:  请求信息 {method: get, msg: , url: https://zaip-aic.za.group/web/api/v4/synctime/gettime, cbTime: 24, async: true} @ https://cdn.zaticdn.com/if/zamp-common-package/monitor/2.3.7/index.js:0
[   11689ms] [LOG] [seraph]:  请求信息 {method: post, msg: , url: https://zaip-aic.za.group/web/api/v4.9/customer/leavemessage/queryConfig, cbTime: 35, async: true} @ https://cdn.zaticdn.com/if/zamp-common-package/monitor/2.3.7/index.js:0
[   11725ms] [LOG] [seraph]:  请求信息 {method: get, msg: , url: https://zaip-aic.za.group/web/api/v5/customer/audit/guide/questions?tenantId=1545312220000942, cbTime: 63, async: true} @ https://cdn.zaticdn.com/if/zamp-common-package/monitor/2.3.7/index.js:0
[   11910ms] [LOG] >>>load @ https://cdn.zaticdn.com/if/zamp-common-package/tracker/online/index.js:0
[   11915ms] [LOG] [seraph]:  report data = {resourceMetrics: Object, resourceLogs: Object} @ https://cdn.zaticdn.com/if/zamp-common-package/monitor/2.3.7/index.js:0
[   12024ms] [LOG] [seraph]:  report data = {resourceMetrics: null, resourceLogs: Object} @ https://cdn.zaticdn.com/if/zamp-common-package/monitor/2.3.7/index.js:0
[   12074ms] [LOG] [seraph]:  请求信息 {method: POST, msg: , url: https://offlineapp.za.group/offlinelog/api/report/web, cbTime: 164, async: true} @ https://cdn.zaticdn.com/if/zamp-common-package/monitor/2.3.7/index.js:0
[   14111ms] [LOG] [seraph]:  report data = {resourceMetrics: null, resourceLogs: Object} @ https://cdn.zaticdn.com/if/zamp-common-package/monitor/2.3.7/index.js:0
[   17282ms] [ERROR] Access to XMLHttpRequest at 'https://webmon-prd.zajourney.com/v1/web/logs' from origin 'https://zaip-aic.za.group' has been blocked by CORS policy: Response to preflight request doesn't pass access control check: No 'Access-Control-Allow-Origin' header is present on the requested resource. @ https://zaip-aic.za.group/?accessId=1649390273577&tenantID=1545312220000942&color=pcDefault&supportLanguage=23&language=3&channelId=pc&visitorId=b0fbc6d6a4c3584be740be64379171d9&mode=ananProduction#/:0
[   17282ms] [ERROR] Failed to load resource: net::ERR_FAILED @ https://webmon-prd.zajourney.com/v1/web/logs:0
