[    1508ms] [WARNING] A preload for 'https://cdn.zaticdn.com/if/za-group-portal-web/Quicksand-Medium.ttf' is found, but is not used because the request credentials mode does not match. Consider taking a look at crossorigin attribute. @ https://bank.za.group/6th-anniversary-campaign:116
[    1508ms] [WARNING] A preload for 'https://cdn.zaticdn.com/if/za-group-portal-web/Quicksand-Bold.ttf' is found, but is not used because the request credentials mode does not match. Consider taking a look at crossorigin attribute. @ https://bank.za.group/6th-anniversary-campaign:116
[    1508ms] [WARNING] A preload for 'https://cdn.zaticdn.com/if/za-group-portal-web/Quicksand-Medium.ttf' is found, but is not used because the request credentials mode does not match. Consider taking a look at crossorigin attribute. @ https://bank.za.group/6th-anniversary-campaign:116
[    1508ms] [WARNING] A preload for 'https://cdn.zaticdn.com/if/za-group-portal-web/Quicksand-Regular.ttf' is found, but is not used because the request credentials mode does not match. Consider taking a look at crossorigin attribute. @ https://bank.za.group/6th-anniversary-campaign:116
[    1508ms] [WARNING] A preload for 'https://cdn.zaticdn.com/if/za-group-portal-web/Quicksand-Medium.ttf' is found, but is not used because the request credentials mode does not match. Consider taking a look at crossorigin attribute. @ https://bank.za.group/6th-anniversary-campaign:116
[    1508ms] [WARNING] A preload for 'https://cdn.zaticdn.com/if/za-group-portal-web/Quicksand-Bold.ttf' is found, but is not used because the request credentials mode does not match. Consider taking a look at crossorigin attribute. @ https://bank.za.group/6th-anniversary-campaign:116
[    1508ms] [WARNING] A preload for 'https://cdn.zaticdn.com/if/za-group-portal-web/Quicksand-Medium.ttf' is found, but is not used because the request credentials mode does not match. Consider taking a look at crossorigin attribute. @ https://bank.za.group/6th-anniversary-campaign:116
[    1509ms] [WARNING] A preload for 'https://cdn.zaticdn.com/if/za-group-portal-web/Quicksand-Regular.ttf' is found, but is not used because the request credentials mode does not match. Consider taking a look at crossorigin attribute. @ https://bank.za.group/6th-anniversary-campaign:116
[    1509ms] [WARNING] A preload for 'https://cdn.zaticdn.com/if/za-group-portal-web/Quicksand-Medium.ttf' is found, but is not used because the request credentials mode does not match. Consider taking a look at crossorigin attribute. @ https://bank.za.group/6th-anniversary-campaign:116
[    1509ms] [WARNING] A preload for 'https://cdn.zaticdn.com/if/za-group-portal-web/Quicksand-Bold.ttf' is found, but is not used because the request credentials mode does not match. Consider taking a look at crossorigin attribute. @ https://bank.za.group/6th-anniversary-campaign:116
[    1509ms] [WARNING] A preload for 'https://cdn.zaticdn.com/if/za-group-portal-web/Quicksand-Medium.ttf' is found, but is not used because the request credentials mode does not match. Consider taking a look at crossorigin attribute. @ https://bank.za.group/6th-anniversary-campaign:116
[    1509ms] [WARNING] A preload for 'https://cdn.zaticdn.com/if/za-group-portal-web/Quicksand-Regular.ttf' is found, but is not used because the request credentials mode does not match. Consider taking a look at crossorigin attribute. @ https://bank.za.group/6th-anniversary-campaign:116
[    1509ms] [WARNING] A preload for 'https://cdn.zaticdn.com/if/za-group-portal-web/Quicksand-Medium.ttf' is found, but is not used because the request credentials mode does not match. Consider taking a look at crossorigin attribute. @ https://bank.za.group/6th-anniversary-campaign:116
[    1509ms] [WARNING] A preload for 'https://cdn.zaticdn.com/if/za-group-portal-web/Quicksand-Bold.ttf' is found, but is not used because the request credentials mode does not match. Consider taking a look at crossorigin attribute. @ https://bank.za.group/6th-anniversary-campaign:116
[    1509ms] [WARNING] A preload for 'https://cdn.zaticdn.com/if/za-group-portal-web/Quicksand-Medium.ttf' is found, but is not used because the request credentials mode does not match. Consider taking a look at crossorigin attribute. @ https://bank.za.group/6th-anniversary-campaign:116
[    1509ms] [WARNING] A preload for 'https://cdn.zaticdn.com/if/za-group-portal-web/Quicksand-Regular.ttf' is found, but is not used because the request credentials mode does not match. Consider taking a look at crossorigin attribute. @ https://bank.za.group/6th-anniversary-campaign:116
[    6647ms] [LOG] rFeatureList [Object, Object] @ https://cdn.zaticdn.com/bank/za-bank-portal-web/prd/_next/static/chunks/pages/6th-anniversary-campaign-ad07bd5a027ccbc61f19.js:0
[    7737ms] [LOG] {user_agent: Mozilla/5.0 (Windows NT 10.0; Win64; x64) AppleWeb…ike Gecko) HeadlessChrome/147.0.0.0 Safari/537.36, language: en-US, color_depth: 24, pixel_ratio: 1, hardware_concurrency: 16} @ https://cdn.zaticdn.com/bank/za-bank-portal-web/prd/_next/static/chunks/za-libs-e409b138-0a6635d907b92adcee87.js:0
[    7740ms] [LOG] [xflow]: type=click, event_category=zacard_6th_anniversary_landing_page_view, other_parameters={} @ https://cdn.zaticdn.com/bank/za-bank-portal-web/prd/_next/static/chunks/pages/_app-389e2277-c4ae52de5018b90efc7a.js:0
[    7766ms] [LOG] useInterceptPage needCheck:  false @ https://cdn.zaticdn.com/bank/za-bank-portal-web/prd/_next/static/chunks/pages/_app-31743c5a-21265c7847a2cf04c6bf.js:0
[    7770ms] [LOG] [ZaTracker] 获取现有追踪器实例 undefined @ https://cdn.zaticdn.com/bank/za-bank-portal-web/prd/_next/static/chunks/za-autotrack-0b4b65d9-d175e7528e57e0e9515e.js:0
[    7772ms] [LOG] [ZaTracker] 初始化SDK {project_id: web_002, server_url: https://zaip-innergw.zajourney.com, prefix: autotrack_, check_host: false, heatmap: Object} @ https://cdn.zaticdn.com/bank/za-bank-portal-web/prd/_next/static/chunks/za-autotrack-0b4b65d9-d175e7528e57e0e9515e.js:0
[    7790ms] [LOG] rFeatureList [] @ https://cdn.zaticdn.com/bank/za-bank-portal-web/prd/_next/static/chunks/pages/6th-anniversary-campaign-ad07bd5a027ccbc61f19.js:0
[    8119ms] [LOG] rFeatureList [Object, Object] @ https://cdn.zaticdn.com/bank/za-bank-portal-web/prd/_next/static/chunks/pages/6th-anniversary-campaign-ad07bd5a027ccbc61f19.js:0
[    8129ms] [LOG] rFeatureList [Object, Object] @ https://cdn.zaticdn.com/bank/za-bank-portal-web/prd/_next/static/chunks/pages/6th-anniversary-campaign-ad07bd5a027ccbc61f19.js:0
[    8139ms] [LOG] rFeatureList [Object, Object] @ https://cdn.zaticdn.com/bank/za-bank-portal-web/prd/_next/static/chunks/pages/6th-anniversary-campaign-ad07bd5a027ccbc61f19.js:0
[    8161ms] [ERROR] 获取pro-did异常 Subscription not active @ https://cdn.zaticdn.com/bank/za-bank-portal-web/prd/_next/static/chunks/za-libs-e409b138-0a6635d907b92adcee87.js:0
[    8529ms] [LOG] rFeatureList [Object, Object] @ https://cdn.zaticdn.com/bank/za-bank-portal-web/prd/_next/static/chunks/pages/6th-anniversary-campaign-ad07bd5a027ccbc61f19.js:0
[    8715ms] [LOG] [ZaTracker] 检查host true https://bank.za.group https://bank.za.group @ https://cdn.zaticdn.com/bank/za-bank-portal-web/prd/_next/static/chunks/za-autotrack-0b4b65d9-d175e7528e57e0e9515e.js:0
[    8715ms] [LOG] [ZaTracker] validateCurrentPageSelectors start @ https://cdn.zaticdn.com/bank/za-bank-portal-web/prd/_next/static/chunks/za-autotrack-0b4b65d9-d175e7528e57e0e9515e.js:0
[    8716ms] [LOG] [ZaTracker] SDK初始化完成 @ https://cdn.zaticdn.com/bank/za-bank-portal-web/prd/_next/static/chunks/za-autotrack-0b4b65d9-d175e7528e57e0e9515e.js:0
[    8835ms] [LOG] [ZaTracker] 当前路径无埋点配置需要验证 @ https://cdn.zaticdn.com/bank/za-bank-portal-web/prd/_next/static/chunks/za-autotrack-0b4b65d9-d175e7528e57e0e9515e.js:0
[   10323ms] [LOG] 当前环境模式: prd-bank @ https://zaip-aic.za.group/?accessId=1649390273577&tenantID=1545312220000942&color=pcDefault&supportLanguage=23&language=3&channelId=pc&visitorId=b0fbc6d6a4c3584be740be64379171d9&mode=ananProduction:90
[   10324ms] [LOG] [seraph]:  SDK 初始化 {seraphId: 16c51763a23c4160, env: prd, H5Version: 1.0.0, SERAPH_URL: https://webmon-prd.zajourney.com, debug: true} @ https://cdn.zaticdn.com/if/zamp-common-package/monitor/2.3.7/index.js:0
[   10327ms] [LOG] [seraph]:  PV: {"from":"","to":"https://zaip-aic.za.group/?accessId=1649390273577&tenantID=1545312220000942&color=pcDefault&supportLanguage=23&language=3&channelId=pc&visitorId=b0fbc6d6a4c3584be740be64379171d9&mode=ananProduction","category":"pv","type":"init","pvId":"3c0520e74bab374d54d8bc69aeef41d24be6"} @ https://cdn.zaticdn.com/if/zamp-common-package/monitor/2.3.7/index.js:0
[   10572ms] [ERROR] Failed to load resource: net::ERR_NAME_NOT_RESOLVED @ https://anan.zhongan.io/web/api/v2/bot/head/wrapper:0
[   10576ms] Uncaught (in promise) Error: Error: Network Error
    at <anonymous> (https://zaip-aic.za.group/zaznkf.js?date=1777953670847:7:50564)
[   10693ms] [LOG] [seraph]:  请求信息 {method: POST, msg: , url: https://offlineapp.za.group/offlinelog/api/report/web, cbTime: 288, async: true} @ https://cdn.zaticdn.com/if/zamp-common-package/monitor/2.3.7/index.js:0
[   10832ms] [LOG] [FST] cacheTrees： [] @ https://cdn.zaticdn.com/if/zamp-common-package/monitor/2.3.7/index.js:0
[   10832ms] [TIMEEND] getFST耗时: 0.802001953125 ms @ https://cdn.zaticdn.com/if/zamp-common-package/monitor/2.3.7/index.js:0
[   11614ms] [LOG] >>>popstate @ https://cdn.zaticdn.com/if/zamp-common-package/tracker/online/index.js:0
[   11639ms] [LOG] [seraph]:  PV: {"from":"https://zaip-aic.za.group/?accessId=1649390273577&tenantID=1545312220000942&color=pcDefault&supportLanguage=23&language=3&channelId=pc&visitorId=b0fbc6d6a4c3584be740be64379171d9&mode=ananProduction","to":"https://zaip-aic.za.group/?accessId=1649390273577&tenantID=1545312220000942&color=pcDefault&supportLanguage=23&language=3&channelId=pc&visitorId=b0fbc6d6a4c3584be740be64379171d9&mode=ananProduction#/","category":"pv","type":"hashchange","pvId":"51504037dda68644a9e99c82d87745faee98"} @ https://cdn.zaticdn.com/if/zamp-common-package/monitor/2.3.7/index.js:0
[   11640ms] [LOG] [FST] hashchange事件触发 @ https://cdn.zaticdn.com/if/zamp-common-package/monitor/2.3.7/index.js:0
[   11640ms] [LOG] >>>hashchange @ https://cdn.zaticdn.com/if/zamp-common-package/tracker/online/index.js:0
[   11675ms] [TIMEEND] getValidMutations: 0.94091796875 ms @ https://cdn.zaticdn.com/if/zamp-common-package/monitor/2.3.7/index.js:0
[   11675ms] [LOG] [FST] 是否为首屏内有效变动： true [MutationRecord] @ https://cdn.zaticdn.com/if/zamp-common-package/monitor/2.3.7/index.js:0
[   11685ms] Error: No native APIs found.
    at e.value (https://zaip-aic.za.group/standard/index.bab03.async.js:6:222945)
    at https://zaip-aic.za.group/standard/index.bab03.async.js:6:222495
    at new Promise (<anonymous>)
    at e.value (https://zaip-aic.za.group/standard/index.bab03.async.js:6:222412)
    at k (https://zaip-aic.za.group/standard/index.bab03.async.js:6:227088)
    at t.value (https://zaip-aic.za.group/standard/index.bab03.async.js:35:714216)
    at pu (https://zaip-aic.za.group/standard/vendor.af3a2.async.js:17:83371)
    at Ns (https://zaip-aic.za.group/standard/vendor.af3a2.async.js:17:101074)
    at t.unstable_runWithPriority (https://zaip-aic.za.group/standard/index.bab03.async.js:72:3362)
    at Qo (https://zaip-aic.za.group/standard/vendor.af3a2.async.js:17:45192)
[   11810ms] [TIMEEND] getValidMutations: 1.132080078125 ms @ https://cdn.zaticdn.com/if/zamp-common-package/monitor/2.3.7/index.js:0
[   11810ms] [LOG] [FST] 是否为首屏内有效变动： true [MutationRecord, MutationRecord] @ https://cdn.zaticdn.com/if/zamp-common-package/monitor/2.3.7/index.js:0
[   11840ms] [LOG] [seraph]:  请求信息 {method: POST, msg: , url: https://offlineapp.za.group/offlinelog/api/report/web, cbTime: 225, async: true} @ https://cdn.zaticdn.com/if/zamp-common-package/monitor/2.3.7/index.js:0
[   11846ms] [LOG] [seraph]:  report data = {resourceMetrics: null, resourceLogs: Object} @ https://cdn.zaticdn.com/if/zamp-common-package/monitor/2.3.7/index.js:0
[   11991ms] [TIMEEND] getValidMutations: 0.7978515625 ms @ https://cdn.zaticdn.com/if/zamp-common-package/monitor/2.3.7/index.js:0
[   11991ms] [LOG] [FST] 是否为首屏内有效变动： true [MutationRecord, MutationRecord] @ https://cdn.zaticdn.com/if/zamp-common-package/monitor/2.3.7/index.js:0
[   12062ms] [TIMEEND] getValidMutations: 0.12109375 ms @ https://cdn.zaticdn.com/if/zamp-common-package/monitor/2.3.7/index.js:0
[   12062ms] [LOG] [FST] 是否为首屏内有效变动： true [MutationRecord] @ https://cdn.zaticdn.com/if/zamp-common-package/monitor/2.3.7/index.js:0
[   12080ms] [TIMEEND] getValidMutations: 1.174072265625 ms @ https://cdn.zaticdn.com/if/zamp-common-package/monitor/2.3.7/index.js:0
[   12080ms] [LOG] [FST] 是否为首屏内有效变动： true [MutationRecord] @ https://cdn.zaticdn.com/if/zamp-common-package/monitor/2.3.7/index.js:0
[   12125ms] [TIMEEND] getValidMutations: 35.64111328125 ms @ https://cdn.zaticdn.com/if/zamp-common-package/monitor/2.3.7/index.js:0
[   12126ms] [LOG] [FST] 是否为首屏内有效变动： true [MutationRecord, MutationRecord] @ https://cdn.zaticdn.com/if/zamp-common-package/monitor/2.3.7/index.js:0
[   12168ms] [TIMEEND] getValidMutations: 25.06982421875 ms @ https://cdn.zaticdn.com/if/zamp-common-package/monitor/2.3.7/index.js:0
[   12168ms] [LOG] [FST] 是否为首屏内有效变动： true [MutationRecord] @ https://cdn.zaticdn.com/if/zamp-common-package/monitor/2.3.7/index.js:0
[   12215ms] [TIMEEND] getValidMutations: 33.85107421875 ms @ https://cdn.zaticdn.com/if/zamp-common-package/monitor/2.3.7/index.js:0
[   12215ms] [LOG] [FST] 是否为首屏内有效变动： false [MutationRecord] @ https://cdn.zaticdn.com/if/zamp-common-package/monitor/2.3.7/index.js:0
[   12226ms] [TIMEEND] getValidMutations: 2.135986328125 ms @ https://cdn.zaticdn.com/if/zamp-common-package/monitor/2.3.7/index.js:0
[   12227ms] [LOG] [FST] 是否为首屏内有效变动： true [MutationRecord] @ https://cdn.zaticdn.com/if/zamp-common-package/monitor/2.3.7/index.js:0
[   12279ms] [LOG] [seraph]:  请求信息 {method: POST, msg: , url: https://zaip-aic.za.group/web/api/v2/bot/hi, cbTime: 647, async: true} @ https://cdn.zaticdn.com/if/zamp-common-package/monitor/2.3.7/index.js:0
[   12330ms] [LOG] [FST] cacheTrees： [Object, Object, Object, Object, Object, Object, Object, Object] @ https://cdn.zaticdn.com/if/zamp-common-package/monitor/2.3.7/index.js:0
[   12333ms] [LOG] [FST] 最后dom元素及资源： {ts: 2016.2000000178814, records: Array(1)} {ts: 1664.300000011921, element: div.scroll.sc-bxivhb.bSDaYa} @ https://cdn.zaticdn.com/if/zamp-common-package/monitor/2.3.7/index.js:0
[   12333ms] [TIMEEND] getFST耗时: 3.5859375 ms @ https://cdn.zaticdn.com/if/zamp-common-package/monitor/2.3.7/index.js:0
[   12461ms] [LOG] [seraph]:  请求信息 {method: get, msg: , url: https://zaip-aic.za.group/web/api/v2/bot/navigation?queryType=0, cbTime: 425, async: true} @ https://cdn.zaticdn.com/if/zamp-common-package/monitor/2.3.7/index.js:0
[   12462ms] [LOG] [seraph]:  请求信息 {method: get, msg: , url: https://zaip-aic.za.group/web/api/v5/customer/chat…?tenantID=1545312220000942&accessId=1649390273577, cbTime: 426, async: true} @ https://cdn.zaticdn.com/if/zamp-common-package/monitor/2.3.7/index.js:0
[   12687ms] [LOG] [seraph]:  请求信息 {method: get, msg: , url: https://zaip-aic.za.group/web/api/v5/customer/chat…90273577&pageSize=20&pageNum=1&date=1777953672389, cbTime: 32, async: true} @ https://cdn.zaticdn.com/if/zamp-common-package/monitor/2.3.7/index.js:0
[   12720ms] [LOG] [seraph]:  请求信息 {method: get, msg: , url: https://zaip-aic.za.group/web/api/v4/synctime/gettime, cbTime: 21, async: true} @ https://cdn.zaticdn.com/if/zamp-common-package/monitor/2.3.7/index.js:0
[   12758ms] [LOG] [seraph]:  请求信息 {method: post, msg: , url: https://zaip-aic.za.group/web/api/v4.9/customer/leavemessage/queryConfig, cbTime: 31, async: true} @ https://cdn.zaticdn.com/if/zamp-common-package/monitor/2.3.7/index.js:0
[   12776ms] [LOG] [seraph]:  请求信息 {method: get, msg: , url: https://zaip-aic.za.group/web/api/v5/customer/audit/guide/questions?tenantId=1545312220000942, cbTime: 49, async: true} @ https://cdn.zaticdn.com/if/zamp-common-package/monitor/2.3.7/index.js:0
[   12911ms] [LOG] >>>load @ https://cdn.zaticdn.com/if/zamp-common-package/tracker/online/index.js:0
[   12914ms] [LOG] [seraph]:  report data = {resourceMetrics: Object, resourceLogs: Object} @ https://cdn.zaticdn.com/if/zamp-common-package/monitor/2.3.7/index.js:0
[   13016ms] [LOG] [seraph]:  report data = {resourceMetrics: null, resourceLogs: Object} @ https://cdn.zaticdn.com/if/zamp-common-package/monitor/2.3.7/index.js:0
[   13077ms] [LOG] [seraph]:  请求信息 {method: POST, msg: , url: https://offlineapp.za.group/offlinelog/api/report/web, cbTime: 165, async: true} @ https://cdn.zaticdn.com/if/zamp-common-package/monitor/2.3.7/index.js:0
[   13077ms] [LOG] [seraph]:  report data = {resourceMetrics: null, resourceLogs: Object} @ https://cdn.zaticdn.com/if/zamp-common-package/monitor/2.3.7/index.js:0
